<html>
<body>
<pre>
<h1>µVision Build Log</h1>
<h2>Tool Versions:</h2>
IDE-Version: µVision V5.38.0.0
Copyright (C) 2022 ARM Ltd and ARM Germany GmbH. All rights reserved.
License Information: Vo Quan, ABS, LIC=KRMW3-A261T-JJU6S-L851V-TM534-ER9S4
 
Tool Versions:
Toolchain:       MDK-ARM Plus  Version: 5.38.0.0
Toolchain Path:  C:\MicroCtrler\KeilC\ARM\ARMCLANG\Bin
C Compiler:      ArmClang.exe V6.19
Assembler:       Armasm.exe V6.19
Linker/Locator:  ArmLink.exe V6.19
Library Manager: ArmAr.exe V6.19
Hex Converter:   FromElf.exe V6.19
CPU DLL:         SARMCM3.DLL V5.38.0.0
Dialog DLL:      DCM.DLL V1.17.5.0
Target DLL:      STLink\ST-LINKIII-KEIL_SWO.dll V3.1.0.0
Dialog DLL:      TCM.DLL V1.56.4.0
 
<h2>Project:</h2>
C:\Users\hongquan\Documents\GitHub\Micro-Ctrl\Practice\Tuan 1\Code\LED\MDK-ARM\LED.uvprojx
Project File Date:  01/10/2025

<h2>Output:</h2>
*** Using Compiler 'V6.19', folder: 'C:\MicroCtrler\KeilC\ARM\ARMCLANG\Bin'
Build target 'LED'
assembling startup_stm32f207xx.s...
compiling stm32f2xx_it.c...
compiling stm32f2xx_hal_msp.c...
compiling main.c...
linking...
Program Size: Code=3142 RO-data=438 RW-data=12 ZI-data=1644  
FromELF: creating hex file...
"LED\LED.axf" - 0 Error(s), 0 Warning(s).

<h2>Software Packages used:</h2>

Package Vendor: ARM
                http://www.keil.com/pack/ARM.CMSIS.5.9.0.pack
                ARM.CMSIS.5.9.0
                CMSIS (Common Microcontroller Software Interface Standard)
   * Component: CORE Version: 5.6.0

Package Vendor: Keil
                https://www.keil.com/pack/Keil.STM32F2xx_DFP.2.11.0.pack
                Keil.STM32F2xx_DFP.2.11.0
                STMicroelectronics STM32F2 Series Device Support, Drivers and Examples

<h2>Collection of Component include folders:</h2>
  ./RTE/_LED
  C:/Users/hongquan/AppData/Local/Arm/Packs/ARM/CMSIS/5.9.0/CMSIS/Core/Include
  C:/Users/hongquan/AppData/Local/Arm/Packs/Keil/STM32F2xx_DFP/2.11.0/Drivers/CMSIS/Device/ST/STM32F2xx/Include

<h2>Collection of Component Files used:</h2>

   * Component: ARM::CMSIS:CORE:5.6.0
      Include file:  CMSIS/Core/Include/tz_context.h
Build Time Elapsed:  00:00:00
</pre>
</body>
</html>
