Component: Arm Compiler for Embedded 6.19 Tool: armlink [5e73cb00]

==============================================================================

Section Cross References

    startup_stm32f207xx.o(STACK) refers (Special) to heapauxi.o(.text) for __use_two_region_memory
    startup_stm32f207xx.o(HEAP) refers (Special) to heapauxi.o(.text) for __use_two_region_memory
    startup_stm32f207xx.o(RESET) refers (Special) to heapauxi.o(.text) for __use_two_region_memory
    startup_stm32f207xx.o(RESET) refers to startup_stm32f207xx.o(STACK) for __initial_sp
    startup_stm32f207xx.o(RESET) refers to startup_stm32f207xx.o(.text) for Reset_Handler
    startup_stm32f207xx.o(RESET) refers to stm32f2xx_it.o(.text.NMI_Handler) for NMI_Handler
    startup_stm32f207xx.o(RESET) refers to stm32f2xx_it.o(.text.HardFault_Handler) for HardFault_Handler
    startup_stm32f207xx.o(RESET) refers to stm32f2xx_it.o(.text.MemManage_Handler) for MemManage_Handler
    startup_stm32f207xx.o(RESET) refers to stm32f2xx_it.o(.text.BusFault_Handler) for BusFault_Handler
    startup_stm32f207xx.o(RESET) refers to stm32f2xx_it.o(.text.UsageFault_Handler) for UsageFault_Handler
    startup_stm32f207xx.o(RESET) refers to stm32f2xx_it.o(.text.SVC_Handler) for SVC_Handler
    startup_stm32f207xx.o(RESET) refers to stm32f2xx_it.o(.text.DebugMon_Handler) for DebugMon_Handler
    startup_stm32f207xx.o(RESET) refers to stm32f2xx_it.o(.text.PendSV_Handler) for PendSV_Handler
    startup_stm32f207xx.o(RESET) refers to stm32f2xx_it.o(.text.SysTick_Handler) for SysTick_Handler
    startup_stm32f207xx.o(.text) refers (Special) to heapauxi.o(.text) for __use_two_region_memory
    startup_stm32f207xx.o(.text) refers to system_stm32f2xx.o(.text.SystemInit) for SystemInit
    startup_stm32f207xx.o(.text) refers to __main.o(!!!main) for __main
    startup_stm32f207xx.o(.text) refers to startup_stm32f207xx.o(HEAP) for Heap_Mem
    startup_stm32f207xx.o(.text) refers to startup_stm32f207xx.o(STACK) for Stack_Mem
    myled.o(.text.Data8_put) refers to stm32f2xx_hal_gpio.o(.text.HAL_GPIO_WritePin) for HAL_GPIO_WritePin
    myled.o(.ARM.exidx.text.Data8_put) refers to myled.o(.text.Data8_put) for [Anonymous Symbol]
    myled.o(.text.Data16_put) refers to stm32f2xx_hal_gpio.o(.text.HAL_GPIO_WritePin) for HAL_GPIO_WritePin
    myled.o(.ARM.exidx.text.Data16_put) refers to myled.o(.text.Data16_put) for [Anonymous Symbol]
    myled.o(.text.LED_data) refers to myled.o(.text.Data8_put) for Data8_put
    myled.o(.text.LED_data) refers to myled.o(.rodata..L__const.LED_decode_char.LED_num) for .L__const.LED_decode_char.LED_num
    myled.o(.ARM.exidx.text.LED_data) refers to myled.o(.text.LED_data) for [Anonymous Symbol]
    myled.o(.text.LED_put) refers to myled.o(.rodata..L__const.LED_decode_char.LED_num) for .L__const.LED_decode_char.LED_num
    myled.o(.text.LED_put) refers to myled.o(.text.Data16_put) for Data16_put
    myled.o(.ARM.exidx.text.LED_put) refers to myled.o(.text.LED_put) for [Anonymous Symbol]
    myled.o(.text.LED_putstring) refers to stm32f2xx_hal.o(.text.HAL_GetTick) for HAL_GetTick
    myled.o(.text.LED_putstring) refers to myled.o(.bss..L_MergedGlobals) for .L_MergedGlobals
    myled.o(.text.LED_putstring) refers to myled.o(.rodata..L__const.LED_decode_char.LED_num) for .L__const.LED_decode_char.LED_num
    myled.o(.text.LED_putstring) refers to myled.o(.text.Data16_put) for Data16_put
    myled.o(.ARM.exidx.text.LED_putstring) refers to myled.o(.text.LED_putstring) for [Anonymous Symbol]
    main.o(.text) refers (Special) to _printf_percent.o(.ARM.Collect$$_printf_percent$$00000000) for _printf_percent
    main.o(.text) refers (Special) to _printf_pad.o(.text) for _printf_pre_padding
    main.o(.text) refers (Special) to _printf_d.o(.ARM.Collect$$_printf_percent$$00000009) for _printf_d
    main.o(.text) refers (Special) to _printf_dec.o(.text) for _printf_int_dec
    main.o(.text.DisplayTime) refers (Special) to _printf_percent.o(.ARM.Collect$$_printf_percent$$00000000) for _printf_percent
    main.o(.text.DisplayTime) refers (Special) to _printf_pad.o(.text) for _printf_pre_padding
    main.o(.text.DisplayTime) refers (Special) to _printf_d.o(.ARM.Collect$$_printf_percent$$00000009) for _printf_d
    main.o(.text.DisplayTime) refers (Special) to _printf_dec.o(.text) for _printf_int_dec
    main.o(.text.DisplayTime) refers to main.o(.data..L_MergedGlobals) for .L_MergedGlobals
    main.o(.text.DisplayTime) refers to main.o(.rodata.str1.1) for .L.str
    main.o(.text.DisplayTime) refers to noretval__2sprintf.o(.text) for __2sprintf
    main.o(.text.DisplayTime) refers to mylcd.o(.text.LCD_GotoXY) for LCD_GotoXY
    main.o(.text.DisplayTime) refers to mylcd.o(.text.LCD_PutString) for LCD_PutString
    main.o(.ARM.exidx.text.DisplayTime) refers (Special) to _printf_percent.o(.ARM.Collect$$_printf_percent$$00000000) for _printf_percent
    main.o(.ARM.exidx.text.DisplayTime) refers (Special) to _printf_pad.o(.text) for _printf_pre_padding
[...]
    libshutdown.o(.ARM.Collect$$libshutdown$$00000000) refers (Special) to libshutdown2.o(.ARM.Collect$$libshutdown$$00000004) for __rt_lib_shutdown_stdio_1
    libshutdown.o(.ARM.Collect$$libshutdown$$00000000) refers (Special) to libshutdown2.o(.ARM.Collect$$libshutdown$$0000000C) for __rt_lib_shutdown_user_alloc_1
    sys_command.o(.text) refers (Special) to use_no_semi.o(.text) for __I$use$semihosting
    sys_command.o(.text) refers (Special) to indicate_semi.o(.text) for __semihosting_library_function
    sys_command_hlt.o(.text) refers (Special) to use_no_semi.o(.text) for __I$use$semihosting
    sys_command_hlt.o(.text) refers (Special) to indicate_semi.o(.text) for __semihosting_library_function
    defsig_abrt_inner.o(.text) refers to defsig_general.o(.text) for __default_signal_display
    defsig_rtred_inner.o(.text) refers to defsig_general.o(.text) for __default_signal_display
    defsig_rtmem_inner.o(.text) refers to defsig_general.o(.text) for __default_signal_display
    defsig_rtmem_outer.o(.text) refers to defsig_rtmem_inner.o(.text) for __rt_SIGRTMEM_inner
    defsig_rtmem_outer.o(.text) refers to defsig_exit.o(.text) for __sig_exit
    defsig_rtmem_formal.o(.text) refers to rt_raise.o(.text) for __rt_raise
    defsig_stak_inner.o(.text) refers to defsig_general.o(.text) for __default_signal_display
    defsig_pvfn_inner.o(.text) refers to defsig_general.o(.text) for __default_signal_display
    defsig_cppl_inner.o(.text) refers to defsig_general.o(.text) for __default_signal_display
    defsig_segv_inner.o(.text) refers to defsig_general.o(.text) for __default_signal_display
    defsig_other.o(.text) refers to defsig_general.o(.text) for __default_signal_display


==============================================================================

Removing Unused input sections from the image.

    Removing myled.o(.text), (0 bytes).
    Removing myled.o(.text.Data8_put), (294 bytes).
    Removing myled.o(.ARM.exidx.text.Data8_put), (8 bytes).
    Removing myled.o(.text.Data16_put), (550 bytes).
    Removing myled.o(.ARM.exidx.text.Data16_put), (8 bytes).
    Removing myled.o(.text.LED_data), (22 bytes).
    Removing myled.o(.ARM.exidx.text.LED_data), (8 bytes).
    Removing myled.o(.text.LED_put), (30 bytes).
    Removing myled.o(.ARM.exidx.text.LED_put), (8 bytes).
    Removing myled.o(.text.LED_putstring), (160 bytes).
    Removing myled.o(.ARM.exidx.text.LED_putstring), (8 bytes).
    Removing myled.o(.rodata..L__const.LED_decode_char.LED_num), (10 bytes).
    Removing myled.o(.bss..L_MergedGlobals), (8 bytes).
    Removing main.o(.text), (0 bytes).
    Removing main.o(.text.DisplayTime), (54 bytes).
    Removing main.o(.ARM.exidx.text.DisplayTime), (8 bytes).
    Removing main.o(.text.UpdateTime), (66 bytes).
    Removing main.o(.ARM.exidx.text.UpdateTime), (8 bytes).
    Removing main.o(.ARM.exidx.text.main), (8 bytes).
    Removing main.o(.text.SystemClock_Config), (84 bytes).
    Removing main.o(.ARM.exidx.text.SystemClock_Config), (8 bytes).
    Removing main.o(.text.Error_Handler), (10 bytes).
    Removing main.o(.ARM.exidx.text.Error_Handler), (8 bytes).
    Removing main.o(.bss.previous_Time), (2 bytes).
    Removing main.o(.ARM.use_no_argv), (4 bytes).
    Removing stm32f2xx_it.o(.text), (0 bytes).
    Removing stm32f2xx_it.o(.ARM.exidx.text.NMI_Handler), (8 bytes).
    Removing stm32f2xx_it.o(.ARM.exidx.text.HardFault_Handler), (8 bytes).
    Removing stm32f2xx_it.o(.ARM.exidx.text.MemManage_Handler), (8 bytes).
    Removing stm32f2xx_it.o(.ARM.exidx.text.BusFault_Handler), (8 bytes).
    Removing stm32f2xx_it.o(.ARM.exidx.text.UsageFault_Handler), (8 bytes).
    Removing stm32f2xx_it.o(.ARM.exidx.text.SVC_Handler), (8 bytes).
    Removing stm32f2xx_it.o(.ARM.exidx.text.DebugMon_Handler), (8 bytes).
    Removing stm32f2xx_it.o(.ARM.exidx.text.PendSV_Handler), (8 bytes).
    Removing stm32f2xx_it.o(.ARM.exidx.text.SysTick_Handler), (8 bytes).
    Removing stm32f2xx_hal_msp.o(.text), (0 bytes).
    Removing stm32f2xx_hal_msp.o(.ARM.exidx.text.HAL_MspInit), (8 bytes).
    Removing mylcd.o(.text), (0 bytes).
    Removing mylcd.o(.text.LCD_Enable), (46 bytes).
    Removing mylcd.o(.ARM.exidx.text.LCD_Enable), (8 bytes).
    Removing mylcd.o(.text.LCD_Send4Bit), (96 bytes).
    Removing mylcd.o(.ARM.exidx.text.LCD_Send4Bit), (8 bytes).
    Removing mylcd.o(.ARM.exidx.text.LCD_Command), (8 bytes).
    Removing mylcd.o(.ARM.exidx.text.LCD_PutChar), (8 bytes).
    Removing mylcd.o(.ARM.exidx.text.LCD_PutString), (8 bytes).
    Removing mylcd.o(.ARM.exidx.text.LCD_GotoXY), (8 bytes).
    Removing mylcd.o(.ARM.exidx.text.LCD_Init), (8 bytes).
    Removing stm32f2xx_hal.o(.text), (0 bytes).
    Removing stm32f2xx_hal.o(.ARM.exidx.text.HAL_Init), (8 bytes).
    Removing stm32f2xx_hal.o(.ARM.exidx.text.HAL_InitTick), (8 bytes).
    Removing stm32f2xx_hal.o(.text.HAL_MspInit), (2 bytes).
    Removing stm32f2xx_hal.o(.ARM.exidx.text.HAL_MspInit), (8 bytes).
    Removing stm32f2xx_hal.o(.text.HAL_DeInit), (44 bytes).
    Removing stm32f2xx_hal.o(.ARM.exidx.text.HAL_DeInit), (8 bytes).
    Removing stm32f2xx_hal.o(.text.HAL_MspDeInit), (2 bytes).
    Removing stm32f2xx_hal.o(.ARM.exidx.text.HAL_MspDeInit), (8 bytes).
    Removing stm32f2xx_hal.o(.ARM.exidx.text.HAL_IncTick), (8 bytes).
    Removing stm32f2xx_hal.o(.ARM.exidx.text.HAL_GetTick), (8 bytes).
    Removing stm32f2xx_hal.o(.text.HAL_GetTickPrio), (12 bytes).
    Removing stm32f2xx_hal.o(.ARM.exidx.text.HAL_GetTickPrio), (8 bytes).
    Removing stm32f2xx_hal.o(.text.HAL_SetTickFreq), (38 bytes).
    Removing stm32f2xx_hal.o(.ARM.exidx.text.HAL_SetTickFreq), (8 bytes).
    Removing stm32f2xx_hal.o(.text.HAL_GetTickFreq), (12 bytes).
    Removing stm32f2xx_hal.o(.ARM.exidx.text.HAL_GetTickFreq), (8 bytes).
    Removing stm32f2xx_hal.o(.ARM.exidx.text.HAL_Delay), (8 bytes).
    Removing stm32f2xx_hal.o(.text.HAL_SuspendTick), (18 bytes).
    Removing stm32f2xx_hal.o(.ARM.exidx.text.HAL_SuspendTick), (8 bytes).
    Removing stm32f2xx_hal.o(.text.HAL_ResumeTick), (18 bytes).
    Removing stm32f2xx_hal.o(.ARM.exidx.text.HAL_ResumeTick), (8 bytes).
    Removing stm32f2xx_hal.o(.text.HAL_GetHalVersion), (10 bytes).
    Removing stm32f2xx_hal.o(.ARM.exidx.text.HAL_GetHalVersion), (8 bytes).
    Removing stm32f2xx_hal.o(.text.HAL_GetREVID), (14 bytes).
    Removing stm32f2xx_hal.o(.ARM.exidx.text.HAL_GetREVID), (8 bytes).
    Removing stm32f2xx_hal.o(.text.HAL_GetDEVID), (16 bytes).
    Removing stm32f2xx_hal.o(.ARM.exidx.text.HAL_GetDEVID), (8 bytes).
    Removing stm32f2xx_hal.o(.text.HAL_DBGMCU_EnableDBGSleepMode), (18 bytes).
    Removing stm32f2xx_hal.o(.ARM.exidx.text.HAL_DBGMCU_EnableDBGSleepMode), (8 bytes).
    Removing stm32f2xx_hal.o(.text.HAL_DBGMCU_DisableDBGSleepMode), (18 bytes).
    Removing stm32f2xx_hal.o(.ARM.exidx.text.HAL_DBGMCU_DisableDBGSleepMode), (8 bytes).
    Removing stm32f2xx_hal.o(.text.HAL_DBGMCU_EnableDBGStopMode), (18 bytes).
    Removing stm32f2xx_hal.o(.ARM.exidx.text.HAL_DBGMCU_EnableDBGStopMode), (8 bytes).
    Removing stm32f2xx_hal.o(.text.HAL_DBGMCU_DisableDBGStopMode), (18 bytes).
    Removing stm32f2xx_hal.o(.ARM.exidx.text.HAL_DBGMCU_DisableDBGStopMode), (8 bytes).
    Removing stm32f2xx_hal.o(.text.HAL_DBGMCU_EnableDBGStandbyMode), (18 bytes).
    Removing stm32f2xx_hal.o(.ARM.exidx.text.HAL_DBGMCU_EnableDBGStandbyMode), (8 bytes).
    Removing stm32f2xx_hal.o(.text.HAL_DBGMCU_DisableDBGStandbyMode), (18 bytes).
    Removing stm32f2xx_hal.o(.ARM.exidx.text.HAL_DBGMCU_DisableDBGStandbyMode), (8 bytes).
    Removing stm32f2xx_hal.o(.text.HAL_EnableCompensationCell), (14 bytes).
    Removing stm32f2xx_hal.o(.ARM.exidx.text.HAL_EnableCompensationCell), (8 bytes).
    Removing stm32f2xx_hal.o(.text.HAL_DisableCompensationCell), (14 bytes).
    Removing stm32f2xx_hal.o(.ARM.exidx.text.HAL_DisableCompensationCell), (8 bytes).
    Removing stm32f2xx_hal.o(.text.HAL_GetUIDw0), (12 bytes).
    Removing stm32f2xx_hal.o(.ARM.exidx.text.HAL_GetUIDw0), (8 bytes).
    Removing stm32f2xx_hal.o(.text.HAL_GetUIDw1), (12 bytes).
    Removing stm32f2xx_hal.o(.ARM.exidx.text.HAL_GetUIDw1), (8 bytes).
    Removing stm32f2xx_hal.o(.text.HAL_GetUIDw2), (12 bytes).
    Removing stm32f2xx_hal.o(.ARM.exidx.text.HAL_GetUIDw2), (8 bytes).
    Removing stm32f2xx_hal_rcc.o(.text), (0 bytes).
    Removing stm32f2xx_hal_rcc.o(.text.HAL_RCC_DeInit), (264 bytes).
    Removing stm32f2xx_hal_rcc.o(.ARM.exidx.text.HAL_RCC_DeInit), (8 bytes).
    Removing stm32f2xx_hal_rcc.o(.ARM.exidx.text.HAL_RCC_OscConfig), (8 bytes).
    Removing stm32f2xx_hal_rcc.o(.ARM.exidx.text.HAL_RCC_ClockConfig), (8 bytes).
    Removing stm32f2xx_hal_rcc.o(.text.HAL_RCC_GetSysClockFreq), (106 bytes).
    Removing stm32f2xx_hal_rcc.o(.ARM.exidx.text.HAL_RCC_GetSysClockFreq), (8 bytes).
    Removing stm32f2xx_hal_rcc.o(.text.HAL_RCC_MCOConfig), (168 bytes).
    Removing stm32f2xx_hal_rcc.o(.ARM.exidx.text.HAL_RCC_MCOConfig), (8 bytes).
    Removing stm32f2xx_hal_rcc.o(.text.HAL_RCC_EnableCSS), (12 bytes).
    Removing stm32f2xx_hal_rcc.o(.ARM.exidx.text.HAL_RCC_EnableCSS), (8 bytes).
    Removing stm32f2xx_hal_rcc.o(.text.HAL_RCC_DisableCSS), (12 bytes).
    Removing stm32f2xx_hal_rcc.o(.ARM.exidx.text.HAL_RCC_DisableCSS), (8 bytes).
    Removing stm32f2xx_hal_rcc.o(.text.HAL_RCC_GetHCLKFreq), (12 bytes).
    Removing stm32f2xx_hal_rcc.o(.ARM.exidx.text.HAL_RCC_GetHCLKFreq), (8 bytes).
    Removing stm32f2xx_hal_rcc.o(.text.HAL_RCC_GetPCLK1Freq), (38 bytes).
    Removing stm32f2xx_hal_rcc.o(.ARM.exidx.text.HAL_RCC_GetPCLK1Freq), (8 bytes).
    Removing stm32f2xx_hal_rcc.o(.text.HAL_RCC_GetPCLK2Freq), (38 bytes).
    Removing stm32f2xx_hal_rcc.o(.ARM.exidx.text.HAL_RCC_GetPCLK2Freq), (8 bytes).
    Removing stm32f2xx_hal_rcc.o(.text.HAL_RCC_GetOscConfig), (150 bytes).
    Removing stm32f2xx_hal_rcc.o(.ARM.exidx.text.HAL_RCC_GetOscConfig), (8 bytes).
    Removing stm32f2xx_hal_rcc.o(.text.HAL_RCC_GetClockConfig), (62 bytes).
    Removing stm32f2xx_hal_rcc.o(.ARM.exidx.text.HAL_RCC_GetClockConfig), (8 bytes).
    Removing stm32f2xx_hal_rcc.o(.text.HAL_RCC_NMI_IRQHandler), (28 bytes).
    Removing stm32f2xx_hal_rcc.o(.ARM.exidx.text.HAL_RCC_NMI_IRQHandler), (8 bytes).
    Removing stm32f2xx_hal_rcc.o(.text.HAL_RCC_CSSCallback), (2 bytes).
    Removing stm32f2xx_hal_rcc.o(.ARM.exidx.text.HAL_RCC_CSSCallback), (8 bytes).
    Removing stm32f2xx_hal_rcc_ex.o(.text), (0 bytes).
    Removing stm32f2xx_hal_rcc_ex.o(.text.HAL_RCCEx_PeriphCLKConfig), (346 bytes).
    Removing stm32f2xx_hal_rcc_ex.o(.ARM.exidx.text.HAL_RCCEx_PeriphCLKConfig), (8 bytes).
    Removing stm32f2xx_hal_rcc_ex.o(.text.HAL_RCCEx_GetPeriphCLKConfig), (50 bytes).
    Removing stm32f2xx_hal_rcc_ex.o(.ARM.exidx.text.HAL_RCCEx_GetPeriphCLKConfig), (8 bytes).
    Removing stm32f2xx_hal_rcc_ex.o(.text.HAL_RCCEx_EnablePLLI2S), (106 bytes).
    Removing stm32f2xx_hal_rcc_ex.o(.ARM.exidx.text.HAL_RCCEx_EnablePLLI2S), (8 bytes).
    Removing stm32f2xx_hal_rcc_ex.o(.text.HAL_RCCEx_DisablePLLI2S), (52 bytes).
    Removing stm32f2xx_hal_rcc_ex.o(.ARM.exidx.text.HAL_RCCEx_DisablePLLI2S), (8 bytes).
    Removing stm32f2xx_hal_cortex.o(.text), (0 bytes).
    Removing stm32f2xx_hal_cortex.o(.ARM.exidx.text.HAL_NVIC_SetPriorityGrouping), (8 bytes).
    Removing stm32f2xx_hal_cortex.o(.ARM.exidx.text.HAL_NVIC_SetPriority), (8 bytes).
    Removing stm32f2xx_hal_cortex.o(.text.HAL_NVIC_EnableIRQ), (38 bytes).
    Removing stm32f2xx_hal_cortex.o(.ARM.exidx.text.HAL_NVIC_EnableIRQ), (8 bytes).
    Removing stm32f2xx_hal_cortex.o(.text.HAL_NVIC_DisableIRQ), (46 bytes).
    Removing stm32f2xx_hal_cortex.o(.ARM.exidx.text.HAL_NVIC_DisableIRQ), (8 bytes).
    Removing stm32f2xx_hal_cortex.o(.text.HAL_NVIC_SystemReset), (4 bytes).
    Removing stm32f2xx_hal_cortex.o(.ARM.exidx.text.HAL_NVIC_SystemReset), (8 bytes).
    Removing stm32f2xx_hal_cortex.o(.text.__NVIC_SystemReset), (42 bytes).
    Removing stm32f2xx_hal_cortex.o(.ARM.exidx.text.__NVIC_SystemReset), (8 bytes).
    Removing stm32f2xx_hal_cortex.o(.ARM.exidx.text.HAL_SYSTICK_Config), (8 bytes).
    Removing stm32f2xx_hal_cortex.o(.text.HAL_MPU_Disable), (26 bytes).
    Removing stm32f2xx_hal_cortex.o(.ARM.exidx.text.HAL_MPU_Disable), (8 bytes).
    Removing stm32f2xx_hal_cortex.o(.text.HAL_MPU_Enable), (32 bytes).
    Removing stm32f2xx_hal_cortex.o(.ARM.exidx.text.HAL_MPU_Enable), (8 bytes).
    Removing stm32f2xx_hal_cortex.o(.text.HAL_MPU_EnableRegion), (22 bytes).
    Removing stm32f2xx_hal_cortex.o(.ARM.exidx.text.HAL_MPU_EnableRegion), (8 bytes).
    Removing stm32f2xx_hal_cortex.o(.text.HAL_MPU_DisableRegion), (22 bytes).
    Removing stm32f2xx_hal_cortex.o(.ARM.exidx.text.HAL_MPU_DisableRegion), (8 bytes).
    Removing stm32f2xx_hal_cortex.o(.text.HAL_MPU_ConfigRegion), (94 bytes).
    Removing stm32f2xx_hal_cortex.o(.ARM.exidx.text.HAL_MPU_ConfigRegion), (8 bytes).
    Removing stm32f2xx_hal_cortex.o(.text.HAL_NVIC_GetPriorityGrouping), (16 bytes).
    Removing stm32f2xx_hal_cortex.o(.ARM.exidx.text.HAL_NVIC_GetPriorityGrouping), (8 bytes).
    Removing stm32f2xx_hal_cortex.o(.text.HAL_NVIC_GetPriority), (90 bytes).
    Removing stm32f2xx_hal_cortex.o(.ARM.exidx.text.HAL_NVIC_GetPriority), (8 bytes).
    Removing stm32f2xx_hal_cortex.o(.text.HAL_NVIC_SetPendingIRQ), (38 bytes).
    Removing stm32f2xx_hal_cortex.o(.ARM.exidx.text.HAL_NVIC_SetPendingIRQ), (8 bytes).
    Removing stm32f2xx_hal_cortex.o(.text.HAL_NVIC_GetPendingIRQ), (42 bytes).
    Removing stm32f2xx_hal_cortex.o(.ARM.exidx.text.HAL_NVIC_GetPendingIRQ), (8 bytes).
    Removing stm32f2xx_hal_cortex.o(.text.HAL_NVIC_ClearPendingIRQ), (38 bytes).
    Removing stm32f2xx_hal_cortex.o(.ARM.exidx.text.HAL_NVIC_ClearPendingIRQ), (8 bytes).
    Removing stm32f2xx_hal_cortex.o(.text.HAL_NVIC_GetActive), (42 bytes).
    Removing stm32f2xx_hal_cortex.o(.ARM.exidx.text.HAL_NVIC_GetActive), (8 bytes).
    Removing stm32f2xx_hal_cortex.o(.text.HAL_SYSTICK_CLKSourceConfig), (24 bytes).
    Removing stm32f2xx_hal_cortex.o(.ARM.exidx.text.HAL_SYSTICK_CLKSourceConfig), (8 bytes).
    Removing stm32f2xx_hal_cortex.o(.text.HAL_SYSTICK_IRQHandler), (4 bytes).
    Removing stm32f2xx_hal_cortex.o(.ARM.exidx.text.HAL_SYSTICK_IRQHandler), (8 bytes).
    Removing stm32f2xx_hal_cortex.o(.text.HAL_SYSTICK_Callback), (2 bytes).
    Removing stm32f2xx_hal_cortex.o(.ARM.exidx.text.HAL_SYSTICK_Callback), (8 bytes).
    Removing stm32f2xx_hal_flash.o(.text), (0 bytes).
    Removing stm32f2xx_hal_flash.o(.text.HAL_FLASH_Program), (288 bytes).
    Removing stm32f2xx_hal_flash.o(.ARM.exidx.text.HAL_FLASH_Program), (8 bytes).
    Removing stm32f2xx_hal_flash.o(.text.FLASH_WaitForLastOperation), (254 bytes).
    Removing stm32f2xx_hal_flash.o(.ARM.exidx.text.FLASH_WaitForLastOperation), (8 bytes).
    Removing stm32f2xx_hal_flash.o(.text.HAL_FLASH_Program_IT), (240 bytes).
    Removing stm32f2xx_hal_flash.o(.ARM.exidx.text.HAL_FLASH_Program_IT), (8 bytes).
    Removing stm32f2xx_hal_flash.o(.text.HAL_FLASH_IRQHandler), (312 bytes).
    Removing stm32f2xx_hal_flash.o(.ARM.exidx.text.HAL_FLASH_IRQHandler), (8 bytes).
    Removing stm32f2xx_hal_flash.o(.text.HAL_FLASH_OperationErrorCallback), (2 bytes).
    Removing stm32f2xx_hal_flash.o(.ARM.exidx.text.HAL_FLASH_OperationErrorCallback), (8 bytes).
    Removing stm32f2xx_hal_flash.o(.text.HAL_FLASH_EndOfOperationCallback), (2 bytes).
    Removing stm32f2xx_hal_flash.o(.ARM.exidx.text.HAL_FLASH_EndOfOperationCallback), (8 bytes).
    Removing stm32f2xx_hal_flash.o(.text.HAL_FLASH_Unlock), (46 bytes).
    Removing stm32f2xx_hal_flash.o(.ARM.exidx.text.HAL_FLASH_Unlock), (8 bytes).
    Removing stm32f2xx_hal_flash.o(.text.HAL_FLASH_Lock), (20 bytes).
    Removing stm32f2xx_hal_flash.o(.ARM.exidx.text.HAL_FLASH_Lock), (8 bytes).
    Removing stm32f2xx_hal_flash.o(.text.HAL_FLASH_OB_Unlock), (42 bytes).
    Removing stm32f2xx_hal_flash.o(.ARM.exidx.text.HAL_FLASH_OB_Unlock), (8 bytes).
    Removing stm32f2xx_hal_flash.o(.text.HAL_FLASH_OB_Lock), (20 bytes).
    Removing stm32f2xx_hal_flash.o(.ARM.exidx.text.HAL_FLASH_OB_Lock), (8 bytes).
    Removing stm32f2xx_hal_flash.o(.text.HAL_FLASH_OB_Launch), (24 bytes).
    Removing stm32f2xx_hal_flash.o(.ARM.exidx.text.HAL_FLASH_OB_Launch), (8 bytes).
    Removing stm32f2xx_hal_flash.o(.text.HAL_FLASH_GetError), (12 bytes).
    Removing stm32f2xx_hal_flash.o(.ARM.exidx.text.HAL_FLASH_GetError), (8 bytes).
    Removing stm32f2xx_hal_flash.o(.bss.pFlash), (32 bytes).
    Removing stm32f2xx_hal_flash_ex.o(.text), (0 bytes).
    Removing stm32f2xx_hal_flash_ex.o(.text.HAL_FLASHEx_Erase), (394 bytes).
    Removing stm32f2xx_hal_flash_ex.o(.ARM.exidx.text.HAL_FLASHEx_Erase), (8 bytes).
    Removing stm32f2xx_hal_flash_ex.o(.text.FLASH_Erase_Sector), (70 bytes).
    Removing stm32f2xx_hal_flash_ex.o(.ARM.exidx.text.FLASH_Erase_Sector), (8 bytes).
    Removing stm32f2xx_hal_flash_ex.o(.text.FLASH_FlushCaches), (88 bytes).
    Removing stm32f2xx_hal_flash_ex.o(.ARM.exidx.text.FLASH_FlushCaches), (8 bytes).
    Removing stm32f2xx_hal_flash_ex.o(.text.HAL_FLASHEx_Erase_IT), (176 bytes).
    Removing stm32f2xx_hal_flash_ex.o(.ARM.exidx.text.HAL_FLASHEx_Erase_IT), (8 bytes).
    Removing stm32f2xx_hal_flash_ex.o(.text.HAL_FLASHEx_OBProgram), (184 bytes).
    Removing stm32f2xx_hal_flash_ex.o(.ARM.exidx.text.HAL_FLASHEx_OBProgram), (8 bytes).
    Removing stm32f2xx_hal_flash_ex.o(.text.HAL_FLASHEx_OBGetConfig), (56 bytes).
    Removing stm32f2xx_hal_flash_ex.o(.ARM.exidx.text.HAL_FLASHEx_OBGetConfig), (8 bytes).
    Removing stm32f2xx_hal_pwr.o(.text), (0 bytes).
    Removing stm32f2xx_hal_pwr.o(.text.HAL_PWR_DeInit), (26 bytes).
    Removing stm32f2xx_hal_pwr.o(.ARM.exidx.text.HAL_PWR_DeInit), (8 bytes).
    Removing stm32f2xx_hal_pwr.o(.text.HAL_PWR_EnableBkUpAccess), (12 bytes).
    Removing stm32f2xx_hal_pwr.o(.ARM.exidx.text.HAL_PWR_EnableBkUpAccess), (8 bytes).
    Removing stm32f2xx_hal_pwr.o(.text.HAL_PWR_DisableBkUpAccess), (12 bytes).
    Removing stm32f2xx_hal_pwr.o(.ARM.exidx.text.HAL_PWR_DisableBkUpAccess), (8 bytes).
    Removing stm32f2xx_hal_pwr.o(.text.HAL_PWR_ConfigPVD), (130 bytes).
    Removing stm32f2xx_hal_pwr.o(.ARM.exidx.text.HAL_PWR_ConfigPVD), (8 bytes).
    Removing stm32f2xx_hal_pwr.o(.text.HAL_PWR_EnablePVD), (12 bytes).
    Removing stm32f2xx_hal_pwr.o(.ARM.exidx.text.HAL_PWR_EnablePVD), (8 bytes).
    Removing stm32f2xx_hal_pwr.o(.text.HAL_PWR_DisablePVD), (12 bytes).
    Removing stm32f2xx_hal_pwr.o(.ARM.exidx.text.HAL_PWR_DisablePVD), (8 bytes).
    Removing stm32f2xx_hal_pwr.o(.text.HAL_PWR_EnableWakeUpPin), (16 bytes).
    Removing stm32f2xx_hal_pwr.o(.ARM.exidx.text.HAL_PWR_EnableWakeUpPin), (8 bytes).
    Removing stm32f2xx_hal_pwr.o(.text.HAL_PWR_DisableWakeUpPin), (18 bytes).
    Removing stm32f2xx_hal_pwr.o(.ARM.exidx.text.HAL_PWR_DisableWakeUpPin), (8 bytes).
    Removing stm32f2xx_hal_pwr.o(.text.HAL_PWR_EnterSLEEPMode), (30 bytes).
    Removing stm32f2xx_hal_pwr.o(.ARM.exidx.text.HAL_PWR_EnterSLEEPMode), (8 bytes).
    Removing stm32f2xx_hal_pwr.o(.text.HAL_PWR_EnterSTOPMode), (60 bytes).
    Removing stm32f2xx_hal_pwr.o(.ARM.exidx.text.HAL_PWR_EnterSTOPMode), (8 bytes).
    Removing stm32f2xx_hal_pwr.o(.text.HAL_PWR_EnterSTANDBYMode), (36 bytes).
    Removing stm32f2xx_hal_pwr.o(.ARM.exidx.text.HAL_PWR_EnterSTANDBYMode), (8 bytes).
    Removing stm32f2xx_hal_pwr.o(.text.HAL_PWR_PVD_IRQHandler), (30 bytes).
    Removing stm32f2xx_hal_pwr.o(.ARM.exidx.text.HAL_PWR_PVD_IRQHandler), (8 bytes).
    Removing stm32f2xx_hal_pwr.o(.text.HAL_PWR_PVDCallback), (2 bytes).
    Removing stm32f2xx_hal_pwr.o(.ARM.exidx.text.HAL_PWR_PVDCallback), (8 bytes).
    Removing stm32f2xx_hal_pwr.o(.text.HAL_PWR_EnableSleepOnExit), (18 bytes).
    Removing stm32f2xx_hal_pwr.o(.ARM.exidx.text.HAL_PWR_EnableSleepOnExit), (8 bytes).
    Removing stm32f2xx_hal_pwr.o(.text.HAL_PWR_DisableSleepOnExit), (18 bytes).
    Removing stm32f2xx_hal_pwr.o(.ARM.exidx.text.HAL_PWR_DisableSleepOnExit), (8 bytes).
    Removing stm32f2xx_hal_pwr.o(.text.HAL_PWR_EnableSEVOnPend), (18 bytes).
    Removing stm32f2xx_hal_pwr.o(.ARM.exidx.text.HAL_PWR_EnableSEVOnPend), (8 bytes).
    Removing stm32f2xx_hal_pwr.o(.text.HAL_PWR_DisableSEVOnPend), (18 bytes).
    Removing stm32f2xx_hal_pwr.o(.ARM.exidx.text.HAL_PWR_DisableSEVOnPend), (8 bytes).
    Removing stm32f2xx_hal_pwr_ex.o(.text), (0 bytes).
    Removing stm32f2xx_hal_pwr_ex.o(.text.HAL_PWREx_EnableBkUpReg), (56 bytes).
    Removing stm32f2xx_hal_pwr_ex.o(.ARM.exidx.text.HAL_PWREx_EnableBkUpReg), (8 bytes).
    Removing stm32f2xx_hal_pwr_ex.o(.text.HAL_PWREx_DisableBkUpReg), (56 bytes).
    Removing stm32f2xx_hal_pwr_ex.o(.ARM.exidx.text.HAL_PWREx_DisableBkUpReg), (8 bytes).
    Removing stm32f2xx_hal_pwr_ex.o(.text.HAL_PWREx_EnableFlashPowerDown), (12 bytes).
    Removing stm32f2xx_hal_pwr_ex.o(.ARM.exidx.text.HAL_PWREx_EnableFlashPowerDown), (8 bytes).
    Removing stm32f2xx_hal_pwr_ex.o(.text.HAL_PWREx_DisableFlashPowerDown), (12 bytes).
    Removing stm32f2xx_hal_pwr_ex.o(.ARM.exidx.text.HAL_PWREx_DisableFlashPowerDown), (8 bytes).
    Removing stm32f2xx_hal_gpio.o(.text), (0 bytes).
    Removing stm32f2xx_hal_gpio.o(.ARM.exidx.text.HAL_GPIO_Init), (8 bytes).
    Removing stm32f2xx_hal_gpio.o(.text.HAL_GPIO_DeInit), (266 bytes).
    Removing stm32f2xx_hal_gpio.o(.ARM.exidx.text.HAL_GPIO_DeInit), (8 bytes).
    Removing stm32f2xx_hal_gpio.o(.text.HAL_GPIO_ReadPin), (10 bytes).
    Removing stm32f2xx_hal_gpio.o(.ARM.exidx.text.HAL_GPIO_ReadPin), (8 bytes).
    Removing stm32f2xx_hal_gpio.o(.ARM.exidx.text.HAL_GPIO_WritePin), (8 bytes).
    Removing stm32f2xx_hal_gpio.o(.text.HAL_GPIO_TogglePin), (16 bytes).
    Removing stm32f2xx_hal_gpio.o(.ARM.exidx.text.HAL_GPIO_TogglePin), (8 bytes).
    Removing stm32f2xx_hal_gpio.o(.text.HAL_GPIO_LockPin), (40 bytes).
    Removing stm32f2xx_hal_gpio.o(.ARM.exidx.text.HAL_GPIO_LockPin), (8 bytes).
    Removing stm32f2xx_hal_gpio.o(.text.HAL_GPIO_EXTI_IRQHandler), (22 bytes).
    Removing stm32f2xx_hal_gpio.o(.ARM.exidx.text.HAL_GPIO_EXTI_IRQHandler), (8 bytes).
    Removing stm32f2xx_hal_gpio.o(.text.HAL_GPIO_EXTI_Callback), (2 bytes).
    Removing stm32f2xx_hal_gpio.o(.ARM.exidx.text.HAL_GPIO_EXTI_Callback), (8 bytes).
    Removing stm32f2xx_hal_dma.o(.text), (0 bytes).
    Removing stm32f2xx_hal_dma.o(.text.HAL_DMA_Init), (354 bytes).
    Removing stm32f2xx_hal_dma.o(.ARM.exidx.text.HAL_DMA_Init), (8 bytes).
    Removing stm32f2xx_hal_dma.o(.text.HAL_DMA_DeInit), (140 bytes).
    Removing stm32f2xx_hal_dma.o(.ARM.exidx.text.HAL_DMA_DeInit), (8 bytes).
    Removing stm32f2xx_hal_dma.o(.text.HAL_DMA_Start), (106 bytes).
    Removing stm32f2xx_hal_dma.o(.ARM.exidx.text.HAL_DMA_Start), (8 bytes).
    Removing stm32f2xx_hal_dma.o(.text.HAL_DMA_Start_IT), (158 bytes).
    Removing stm32f2xx_hal_dma.o(.ARM.exidx.text.HAL_DMA_Start_IT), (8 bytes).
    Removing stm32f2xx_hal_dma.o(.text.HAL_DMA_Abort), (142 bytes).
    Removing stm32f2xx_hal_dma.o(.ARM.exidx.text.HAL_DMA_Abort), (8 bytes).
    Removing stm32f2xx_hal_dma.o(.text.HAL_DMA_Abort_IT), (36 bytes).
    Removing stm32f2xx_hal_dma.o(.ARM.exidx.text.HAL_DMA_Abort_IT), (8 bytes).
    Removing stm32f2xx_hal_dma.o(.text.HAL_DMA_PollForTransfer), (454 bytes).
    Removing stm32f2xx_hal_dma.o(.ARM.exidx.text.HAL_DMA_PollForTransfer), (8 bytes).
    Removing stm32f2xx_hal_dma.o(.text.HAL_DMA_IRQHandler), (448 bytes).
    Removing stm32f2xx_hal_dma.o(.ARM.exidx.text.HAL_DMA_IRQHandler), (8 bytes).
    Removing stm32f2xx_hal_dma.o(.text.HAL_DMA_RegisterCallback), (106 bytes).
    Removing stm32f2xx_hal_dma.o(.ARM.exidx.text.HAL_DMA_RegisterCallback), (8 bytes).
    Removing stm32f2xx_hal_dma.o(.text.HAL_DMA_UnRegisterCallback), (156 bytes).
    Removing stm32f2xx_hal_dma.o(.ARM.exidx.text.HAL_DMA_UnRegisterCallback), (8 bytes).
    Removing stm32f2xx_hal_dma.o(.text.HAL_DMA_GetState), (6 bytes).
    Removing stm32f2xx_hal_dma.o(.ARM.exidx.text.HAL_DMA_GetState), (8 bytes).
    Removing stm32f2xx_hal_dma.o(.text.HAL_DMA_GetError), (4 bytes).
    Removing stm32f2xx_hal_dma.o(.ARM.exidx.text.HAL_DMA_GetError), (8 bytes).
    Removing stm32f2xx_hal_dma.o(.rodata.cst8), (8 bytes).
    Removing stm32f2xx_hal_dma_ex.o(.text), (0 bytes).
    Removing stm32f2xx_hal_dma_ex.o(.text.HAL_DMAEx_MultiBufferStart), (114 bytes).
    Removing stm32f2xx_hal_dma_ex.o(.ARM.exidx.text.HAL_DMAEx_MultiBufferStart), (8 bytes).
    Removing stm32f2xx_hal_dma_ex.o(.text.HAL_DMAEx_MultiBufferStart_IT), (1240 bytes).
    Removing stm32f2xx_hal_dma_ex.o(.ARM.exidx.text.HAL_DMAEx_MultiBufferStart_IT), (8 bytes).
    Removing stm32f2xx_hal_dma_ex.o(.text.HAL_DMAEx_ChangeMemory), (20 bytes).
    Removing stm32f2xx_hal_dma_ex.o(.ARM.exidx.text.HAL_DMAEx_ChangeMemory), (8 bytes).
    Removing stm32f2xx_hal_exti.o(.text), (0 bytes).
    Removing stm32f2xx_hal_exti.o(.text.HAL_EXTI_SetConfigLine), (180 bytes).
    Removing stm32f2xx_hal_exti.o(.ARM.exidx.text.HAL_EXTI_SetConfigLine), (8 bytes).
    Removing stm32f2xx_hal_exti.o(.text.HAL_EXTI_GetConfigLine), (152 bytes).
    Removing stm32f2xx_hal_exti.o(.ARM.exidx.text.HAL_EXTI_GetConfigLine), (8 bytes).
    Removing stm32f2xx_hal_exti.o(.text.HAL_EXTI_ClearConfigLine), (136 bytes).
    Removing stm32f2xx_hal_exti.o(.ARM.exidx.text.HAL_EXTI_ClearConfigLine), (8 bytes).
    Removing stm32f2xx_hal_exti.o(.text.HAL_EXTI_RegisterCallback), (12 bytes).
    Removing stm32f2xx_hal_exti.o(.ARM.exidx.text.HAL_EXTI_RegisterCallback), (8 bytes).
    Removing stm32f2xx_hal_exti.o(.text.HAL_EXTI_GetHandle), (12 bytes).
    Removing stm32f2xx_hal_exti.o(.ARM.exidx.text.HAL_EXTI_GetHandle), (8 bytes).
    Removing stm32f2xx_hal_exti.o(.text.HAL_EXTI_IRQHandler), (42 bytes).
    Removing stm32f2xx_hal_exti.o(.ARM.exidx.text.HAL_EXTI_IRQHandler), (8 bytes).
    Removing stm32f2xx_hal_exti.o(.text.HAL_EXTI_GetPending), (28 bytes).
    Removing stm32f2xx_hal_exti.o(.ARM.exidx.text.HAL_EXTI_GetPending), (8 bytes).
    Removing stm32f2xx_hal_exti.o(.text.HAL_EXTI_ClearPending), (24 bytes).
    Removing stm32f2xx_hal_exti.o(.ARM.exidx.text.HAL_EXTI_ClearPending), (8 bytes).
    Removing stm32f2xx_hal_exti.o(.text.HAL_EXTI_GenerateSWI), (24 bytes).
    Removing stm32f2xx_hal_exti.o(.ARM.exidx.text.HAL_EXTI_GenerateSWI), (8 bytes).
    Removing system_stm32f2xx.o(.text), (0 bytes).
    Removing system_stm32f2xx.o(.ARM.exidx.text.SystemInit), (8 bytes).
    Removing system_stm32f2xx.o(.text.SystemCoreClockUpdate), (134 bytes).
    Removing system_stm32f2xx.o(.ARM.exidx.text.SystemCoreClockUpdate), (8 bytes).
    Removing system_stm32f2xx.o(.rodata.APBPrescTable), (8 bytes).

328 unused section(s) (total 12656 bytes) removed from the image.

==============================================================================

Image Symbol Table

    Local Symbols

    Symbol Name                              Value     Ov Type        Size  Object(Section)

    ../clib/angel/boardlib.s                 0x00000000   Number         0  boardinit1.o ABSOLUTE
    ../clib/angel/boardlib.s                 0x00000000   Number         0  boardinit2.o ABSOLUTE
    ../clib/angel/boardlib.s                 0x00000000   Number         0  boardinit3.o ABSOLUTE
    ../clib/angel/boardlib.s                 0x00000000   Number         0  boardshut.o ABSOLUTE
    ../clib/angel/handlers.s                 0x00000000   Number         0  __scatter_copy.o ABSOLUTE
    ../clib/angel/handlers.s                 0x00000000   Number         0  __scatter_zi.o ABSOLUTE
    ../clib/angel/kernel.s                   0x00000000   Number         0  __rtentry.o ABSOLUTE
    ../clib/angel/kernel.s                   0x00000000   Number         0  __rtentry2.o ABSOLUTE
    ../clib/angel/kernel.s                   0x00000000   Number         0  __rtentry4.o ABSOLUTE
    ../clib/angel/kernel.s                   0x00000000   Number         0  rtexit.o ABSOLUTE
    ../clib/angel/kernel.s                   0x00000000   Number         0  rtexit2.o ABSOLUTE
    ../clib/angel/rt.s                       0x00000000   Number         0  aeabi_ldiv0.o ABSOLUTE
    ../clib/angel/rt.s                       0x00000000   Number         0  aeabi_ldiv0_sigfpe.o ABSOLUTE
    ../clib/angel/rt.s                       0x00000000   Number         0  rt_div0.o ABSOLUTE
    ../clib/angel/rt.s                       0x00000000   Number         0  rt_raise.o ABSOLUTE
    ../clib/angel/scatter.s                  0x00000000   Number         0  __scatter.o ABSOLUTE
    ../clib/angel/startup.s                  0x00000000   Number         0  __main.o ABSOLUTE
    ../clib/angel/sys.s                      0x00000000   Number         0  sys_stackheap_outer.o ABSOLUTE
    ../clib/angel/sys.s                      0x00000000   Number         0  libspace.o ABSOLUTE
    ../clib/angel/sys.s                      0x00000000   Number         0  use_no_semi.o ABSOLUTE
    ../clib/angel/sys.s                      0x00000000   Number         0  indicate_semi.o ABSOLUTE
    ../clib/angel/sysapp.c                   0x00000000   Number         0  sys_exit.o ABSOLUTE
    ../clib/angel/sysapp.c                   0x00000000   Number         0  sys_exit_hlt.o ABSOLUTE
    ../clib/angel/sysapp.c                   0x00000000   Number         0  sys_wrch.o ABSOLUTE
    ../clib/angel/sysapp.c                   0x00000000   Number         0  sys_wrch_hlt.o ABSOLUTE
    ../clib/angel/sysapp.c                   0x00000000   Number         0  sys_command.o ABSOLUTE
    ../clib/angel/sysapp.c                   0x00000000   Number         0  sys_command_hlt.o ABSOLUTE
    ../clib/armsys.c                         0x00000000   Number         0  argv_veneer.o ABSOLUTE
    ../clib/armsys.c                         0x00000000   Number         0  argv_veneer.o ABSOLUTE
    ../clib/armsys.c                         0x00000000   Number         0  _get_argv_nomalloc.o ABSOLUTE
    ../clib/armsys.c                         0x00000000   Number         0  no_argv.o ABSOLUTE
    ../clib/heapalloc.c                      0x00000000   Number         0  hrguard.o ABSOLUTE
    ../clib/heapaux.c                        0x00000000   Number         0  heapauxi.o ABSOLUTE
    ../clib/libinit.s                        0x00000000   Number         0  libinit.o ABSOLUTE
    ../clib/libinit.s                        0x00000000   Number         0  libinit2.o ABSOLUTE
    ../clib/libinit.s                        0x00000000   Number         0  libshutdown.o ABSOLUTE
    ../clib/libinit.s                        0x00000000   Number         0  libshutdown2.o ABSOLUTE
    ../clib/longlong.s                       0x00000000   Number         0  lludivv7m.o ABSOLUTE
    ../clib/memcpset.s                       0x00000000   Number         0  rt_memclr_w.o ABSOLUTE
    ../clib/misc.s                           0x00000000   Number         0  printf_stubs.o ABSOLUTE
    ../clib/printf.c                         0x00000000   Number         0  __2sprintf.o ABSOLUTE
    ../clib/printf.c                         0x00000000   Number         0  noretval__2sprintf.o ABSOLUTE
    ../clib/printf.c                         0x00000000   Number         0  __printf.o ABSOLUTE
    ../clib/printf.c                         0x00000000   Number         0  _printf_pad.o ABSOLUTE
    ../clib/printf.c                         0x00000000   Number         0  _printf_dec.o ABSOLUTE
    ../clib/printf.c                         0x00000000   Number         0  __printf_flags.o ABSOLUTE
    ../clib/printf.c                         0x00000000   Number         0  __printf_ss.o ABSOLUTE
    ../clib/printf.c                         0x00000000   Number         0  __printf_flags_ss.o ABSOLUTE
    ../clib/printf.c                         0x00000000   Number         0  __printf_wp.o ABSOLUTE
    ../clib/printf.c                         0x00000000   Number         0  __printf_flags_wp.o ABSOLUTE
    ../clib/printf.c                         0x00000000   Number         0  __printf_ss_wp.o ABSOLUTE
    ../clib/printf.c                         0x00000000   Number         0  __printf_flags_ss_wp.o ABSOLUTE
    ../clib/printf.c                         0x00000000   Number         0  _printf_intcommon.o ABSOLUTE
    ../clib/printf.c                         0x00000000   Number         0  _printf_char_common.o ABSOLUTE
    ../clib/printf.c                         0x00000000   Number         0  _sputc.o ABSOLUTE
    ../clib/printf.c                         0x00000000   Number         0  __printf_nopercent.o ABSOLUTE
    ../clib/printf_percent.s                 0x00000000   Number         0  _printf_d.o ABSOLUTE
    ../clib/printf_percent.s                 0x00000000   Number         0  _printf_percent.o ABSOLUTE
    ../clib/printf_percent.s                 0x00000000   Number         0  _printf_percent_end.o ABSOLUTE
    ../clib/signal.c                         0x00000000   Number         0  defsig_fpe_outer.o ABSOLUTE
    ../clib/signal.c                         0x00000000   Number         0  defsig_fpe_formal.o ABSOLUTE
    ../clib/signal.c                         0x00000000   Number         0  defsig_exit.o ABSOLUTE
    ../clib/signal.c                         0x00000000   Number         0  defsig_fpe_inner.o ABSOLUTE
    ../clib/signal.c                         0x00000000   Number         0  __raise.o ABSOLUTE
    ../clib/signal.c                         0x00000000   Number         0  defsig_general.o ABSOLUTE
    ../clib/signal.c                         0x00000000   Number         0  defsig_abrt_inner.o ABSOLUTE
    ../clib/signal.c                         0x00000000   Number         0  defsig_rtred_inner.o ABSOLUTE
    ../clib/signal.c                         0x00000000   Number         0  defsig_rtmem_inner.o ABSOLUTE
    ../clib/signal.c                         0x00000000   Number         0  defsig_rtmem_outer.o ABSOLUTE
    ../clib/signal.c                         0x00000000   Number         0  defsig_rtmem_formal.o ABSOLUTE
    ../clib/signal.c                         0x00000000   Number         0  defsig_stak_inner.o ABSOLUTE
    ../clib/signal.c                         0x00000000   Number         0  defsig_pvfn_inner.o ABSOLUTE
    ../clib/signal.c                         0x00000000   Number         0  defsig_cppl_inner.o ABSOLUTE
    ../clib/signal.c                         0x00000000   Number         0  defsig_segv_inner.o ABSOLUTE
    ../clib/signal.c                         0x00000000   Number         0  defsig_other.o ABSOLUTE
    ../clib/signal.s                         0x00000000   Number         0  defsig.o ABSOLUTE
    ../clib/stdlib.c                         0x00000000   Number         0  exit.o ABSOLUTE
    ../fplib/fpinit.s                        0x00000000   Number         0  fpinit.o ABSOLUTE
    ../fplib/fpinit_empty.s                  0x00000000   Number         0  fpinit_empty.o ABSOLUTE
    dc.s                                     0x00000000   Number         0  dc.o ABSOLUTE
    main.c                                   0x00000000   Number         0  main.o ABSOLUTE
    myLCD.c                                  0x00000000   Number         0  mylcd.o ABSOLUTE
    myLED.c                                  0x00000000   Number         0  myled.o ABSOLUTE
    startup_stm32f207xx.s                    0x00000000   Number         0  startup_stm32f207xx.o ABSOLUTE
    stm32f2xx_hal.c                          0x00000000   Number         0  stm32f2xx_hal.o ABSOLUTE
    stm32f2xx_hal_cortex.c                   0x00000000   Number         0  stm32f2xx_hal_cortex.o ABSOLUTE
    stm32f2xx_hal_dma.c                      0x00000000   Number         0  stm32f2xx_hal_dma.o ABSOLUTE
    stm32f2xx_hal_dma_ex.c                   0x00000000   Number         0  stm32f2xx_hal_dma_ex.o ABSOLUTE
    stm32f2xx_hal_exti.c                     0x00000000   Number         0  stm32f2xx_hal_exti.o ABSOLUTE
    stm32f2xx_hal_flash.c                    0x00000000   Number         0  stm32f2xx_hal_flash.o ABSOLUTE
    stm32f2xx_hal_flash_ex.c                 0x00000000   Number         0  stm32f2xx_hal_flash_ex.o ABSOLUTE
    stm32f2xx_hal_gpio.c                     0x00000000   Number         0  stm32f2xx_hal_gpio.o ABSOLUTE
    stm32f2xx_hal_msp.c                      0x00000000   Number         0  stm32f2xx_hal_msp.o ABSOLUTE
    stm32f2xx_hal_pwr.c                      0x00000000   Number         0  stm32f2xx_hal_pwr.o ABSOLUTE
    stm32f2xx_hal_pwr_ex.c                   0x00000000   Number         0  stm32f2xx_hal_pwr_ex.o ABSOLUTE
    stm32f2xx_hal_rcc.c                      0x00000000   Number         0  stm32f2xx_hal_rcc.o ABSOLUTE
    stm32f2xx_hal_rcc_ex.c                   0x00000000   Number         0  stm32f2xx_hal_rcc_ex.o ABSOLUTE
    stm32f2xx_it.c                           0x00000000   Number         0  stm32f2xx_it.o ABSOLUTE
    system_stm32f2xx.c                       0x00000000   Number         0  system_stm32f2xx.o ABSOLUTE
    RESET                                    0x08000000   Section      388  startup_stm32f207xx.o(RESET)
    !!!main                                  0x08000184   Section        8  __main.o(!!!main)
    !!!scatter                               0x0800018c   Section       52  __scatter.o(!!!scatter)
    !!handler_copy                           0x080001c0   Section       26  __scatter_copy.o(!!handler_copy)
    !!handler_zi                             0x080001dc   Section       28  __scatter_zi.o(!!handler_zi)
    .ARM.Collect$$_printf_percent$$00000000  0x080001f8   Section        0  _printf_percent.o(.ARM.Collect$$_printf_percent$$00000000)
    .ARM.Collect$$_printf_percent$$00000009  0x080001f8   Section        6  _printf_d.o(.ARM.Collect$$_printf_percent$$00000009)
    .ARM.Collect$$_printf_percent$$00000017  0x080001fe   Section        4  _printf_percent_end.o(.ARM.Collect$$_printf_percent$$00000017)
    .ARM.Collect$$libinit$$00000000          0x08000202   Section        2  libinit.o(.ARM.Collect$$libinit$$00000000)
    .ARM.Collect$$libinit$$00000002          0x08000204   Section        0  libinit2.o(.ARM.Collect$$libinit$$00000002)
    .ARM.Collect$$libinit$$00000004          0x08000204   Section        0  libinit2.o(.ARM.Collect$$libinit$$00000004)
    .ARM.Collect$$libinit$$00000006          0x08000204   Section        0  libinit2.o(.ARM.Collect$$libinit$$00000006)
    .ARM.Collect$$libinit$$0000000C          0x08000204   Section        0  libinit2.o(.ARM.Collect$$libinit$$0000000C)
    .ARM.Collect$$libinit$$0000000E          0x08000204   Section        0  libinit2.o(.ARM.Collect$$libinit$$0000000E)
    .ARM.Collect$$libinit$$00000010          0x08000204   Section        0  libinit2.o(.ARM.Collect$$libinit$$00000010)
    .ARM.Collect$$libinit$$00000013          0x08000204   Section        0  libinit2.o(.ARM.Collect$$libinit$$00000013)
    .ARM.Collect$$libinit$$00000015          0x08000204   Section        0  libinit2.o(.ARM.Collect$$libinit$$00000015)
    .ARM.Collect$$libinit$$00000017          0x08000204   Section        0  libinit2.o(.ARM.Collect$$libinit$$00000017)
    .ARM.Collect$$libinit$$00000019          0x08000204   Section        0  libinit2.o(.ARM.Collect$$libinit$$00000019)
    .ARM.Collect$$libinit$$0000001B          0x08000204   Section        0  libinit2.o(.ARM.Collect$$libinit$$0000001B)
    .ARM.Collect$$libinit$$0000001D          0x08000204   Section        0  libinit2.o(.ARM.Collect$$libinit$$0000001D)
    .ARM.Collect$$libinit$$0000001F          0x08000204   Section        0  libinit2.o(.ARM.Collect$$libinit$$0000001F)
    .ARM.Collect$$libinit$$00000021          0x08000204   Section        0  libinit2.o(.ARM.Collect$$libinit$$00000021)
    .ARM.Collect$$libinit$$00000023          0x08000204   Section        0  libinit2.o(.ARM.Collect$$libinit$$00000023)
    .ARM.Collect$$libinit$$00000025          0x08000204   Section        0  libinit2.o(.ARM.Collect$$libinit$$00000025)
    .ARM.Collect$$libinit$$00000027          0x08000204   Section        0  libinit2.o(.ARM.Collect$$libinit$$00000027)
    .ARM.Collect$$libinit$$0000002E          0x08000204   Section        0  libinit2.o(.ARM.Collect$$libinit$$0000002E)
    .ARM.Collect$$libinit$$00000030          0x08000204   Section        0  libinit2.o(.ARM.Collect$$libinit$$00000030)
    .ARM.Collect$$libinit$$00000032          0x08000204   Section        0  libinit2.o(.ARM.Collect$$libinit$$00000032)
    .ARM.Collect$$libinit$$00000034          0x08000204   Section        0  libinit2.o(.ARM.Collect$$libinit$$00000034)
    .ARM.Collect$$libinit$$00000035          0x08000204   Section        2  libinit2.o(.ARM.Collect$$libinit$$00000035)
    .ARM.Collect$$libshutdown$$00000000      0x08000206   Section        2  libshutdown.o(.ARM.Collect$$libshutdown$$00000000)
    .ARM.Collect$$libshutdown$$00000002      0x08000208   Section        0  libshutdown2.o(.ARM.Collect$$libshutdown$$00000002)
    .ARM.Collect$$libshutdown$$00000004      0x08000208   Section        0  libshutdown2.o(.ARM.Collect$$libshutdown$$00000004)
    .ARM.Collect$$libshutdown$$00000007      0x08000208   Section        0  libshutdown2.o(.ARM.Collect$$libshutdown$$00000007)
    .ARM.Collect$$libshutdown$$0000000A      0x08000208   Section        0  libshutdown2.o(.ARM.Collect$$libshutdown$$0000000A)
    .ARM.Collect$$libshutdown$$0000000C      0x08000208   Section        0  libshutdown2.o(.ARM.Collect$$libshutdown$$0000000C)
    .ARM.Collect$$libshutdown$$0000000F      0x08000208   Section        0  libshutdown2.o(.ARM.Collect$$libshutdown$$0000000F)
    .ARM.Collect$$libshutdown$$00000010      0x08000208   Section        2  libshutdown2.o(.ARM.Collect$$libshutdown$$00000010)
    .ARM.Collect$$rtentry$$00000000          0x0800020a   Section        0  __rtentry.o(.ARM.Collect$$rtentry$$00000000)
    .ARM.Collect$$rtentry$$00000002          0x0800020a   Section        0  __rtentry2.o(.ARM.Collect$$rtentry$$00000002)
    .ARM.Collect$$rtentry$$00000004          0x0800020a   Section        6  __rtentry4.o(.ARM.Collect$$rtentry$$00000004)
    .ARM.Collect$$rtentry$$00000009          0x08000210   Section        0  __rtentry2.o(.ARM.Collect$$rtentry$$00000009)
    .ARM.Collect$$rtentry$$0000000A          0x08000210   Section        4  __rtentry2.o(.ARM.Collect$$rtentry$$0000000A)
    .ARM.Collect$$rtentry$$0000000C          0x08000214   Section        0  __rtentry2.o(.ARM.Collect$$rtentry$$0000000C)
    .ARM.Collect$$rtentry$$0000000D          0x08000214   Section        8  __rtentry2.o(.ARM.Collect$$rtentry$$0000000D)
    .ARM.Collect$$rtexit$$00000000           0x0800021c   Section        2  rtexit.o(.ARM.Collect$$rtexit$$00000000)
    .ARM.Collect$$rtexit$$00000002           0x0800021e   Section        0  rtexit2.o(.ARM.Collect$$rtexit$$00000002)
    .ARM.Collect$$rtexit$$00000003           0x0800021e   Section        4  rtexit2.o(.ARM.Collect$$rtexit$$00000003)
    .ARM.Collect$$rtexit$$00000004           0x08000222   Section        6  rtexit2.o(.ARM.Collect$$rtexit$$00000004)
    .text                                    0x08000228   Section       64  startup_stm32f207xx.o(.text)
    .text                                    0x08000268   Section      240  lludivv7m.o(.text)
    .text                                    0x08000358   Section        0  noretval__2sprintf.o(.text)
    .text                                    0x08000380   Section        0  _printf_pad.o(.text)
    .text                                    0x080003d0   Section        0  _printf_dec.o(.text)
    .text                                    0x08000448   Section        0  __printf_flags_wp.o(.text)
    .text                                    0x08000580   Section       78  rt_memclr_w.o(.text)
    .text                                    0x080005ce   Section        0  heapauxi.o(.text)
    .text                                    0x080005d4   Section        0  _printf_intcommon.o(.text)
    _printf_input_char                       0x08000689   Thumb Code    10  _printf_char_common.o(.text)
    .text                                    0x08000688   Section        0  _printf_char_common.o(.text)
    .text                                    0x080006b8   Section        0  _sputc.o(.text)
    .text                                    0x080006c2   Section       74  sys_stackheap_outer.o(.text)
    .text                                    0x0800070c   Section        0  exit.o(.text)
    .text                                    0x08000720   Section        8  libspace.o(.text)
    .text                                    0x08000728   Section        0  sys_exit.o(.text)
    .text                                    0x08000734   Section        2  use_no_semi.o(.text)
    .text                                    0x08000736   Section        0  indicate_semi.o(.text)
    [Anonymous Symbol]                       0x08000738   Section        0  stm32f2xx_it.o(.text.BusFault_Handler)
    [Anonymous Symbol]                       0x0800073c   Section        0  stm32f2xx_it.o(.text.DebugMon_Handler)
    [Anonymous Symbol]                       0x08000740   Section        0  stm32f2xx_hal.o(.text.HAL_Delay)
    [Anonymous Symbol]                       0x08000768   Section        0  stm32f2xx_hal_gpio.o(.text.HAL_GPIO_Init)
    [Anonymous Symbol]                       0x08000910   Section        0  stm32f2xx_hal_gpio.o(.text.HAL_GPIO_WritePin)
    [Anonymous Symbol]                       0x0800091c   Section        0  stm32f2xx_hal.o(.text.HAL_GetTick)
    [Anonymous Symbol]                       0x08000928   Section        0  stm32f2xx_hal.o(.text.HAL_IncTick)
    [Anonymous Symbol]                       0x08000944   Section        0  stm32f2xx_hal.o(.text.HAL_Init)
    [Anonymous Symbol]                       0x0800097c   Section        0  stm32f2xx_hal.o(.text.HAL_InitTick)
    [Anonymous Symbol]                       0x080009c4   Section        0  stm32f2xx_hal_msp.o(.text.HAL_MspInit)
    [Anonymous Symbol]                       0x080009fc   Section        0  stm32f2xx_hal_cortex.o(.text.HAL_NVIC_SetPriority)
    [Anonymous Symbol]                       0x08000a54   Section        0  stm32f2xx_hal_cortex.o(.text.HAL_NVIC_SetPriorityGrouping)
    [Anonymous Symbol]                       0x08000a74   Section        0  stm32f2xx_hal_rcc.o(.text.HAL_RCC_ClockConfig)
    [Anonymous Symbol]                       0x08000c50   Section        0  stm32f2xx_hal_rcc.o(.text.HAL_RCC_OscConfig)
    [Anonymous Symbol]                       0x08000f74   Section        0  stm32f2xx_hal_cortex.o(.text.HAL_SYSTICK_Config)
    [Anonymous Symbol]                       0x08000fa0   Section        0  stm32f2xx_it.o(.text.HardFault_Handler)
    [Anonymous Symbol]                       0x08000fa4   Section        0  mylcd.o(.text.LCD_Command)
    [Anonymous Symbol]                       0x0800105c   Section        0  mylcd.o(.text.LCD_GotoXY)
    [Anonymous Symbol]                       0x08001070   Section        0  mylcd.o(.text.LCD_Init)
    [Anonymous Symbol]                       0x080011dc   Section        0  mylcd.o(.text.LCD_PutChar)
    [Anonymous Symbol]                       0x08001294   Section        0  mylcd.o(.text.LCD_PutString)
    [Anonymous Symbol]                       0x080012b0   Section        0  stm32f2xx_it.o(.text.MemManage_Handler)
    [Anonymous Symbol]                       0x080012b4   Section        0  stm32f2xx_it.o(.text.NMI_Handler)
    [Anonymous Symbol]                       0x080012b8   Section        0  stm32f2xx_it.o(.text.PendSV_Handler)
    [Anonymous Symbol]                       0x080012bc   Section        0  stm32f2xx_it.o(.text.SVC_Handler)
    [Anonymous Symbol]                       0x080012c0   Section        0  stm32f2xx_it.o(.text.SysTick_Handler)
    [Anonymous Symbol]                       0x080012c4   Section        0  system_stm32f2xx.o(.text.SystemInit)
    [Anonymous Symbol]                       0x080012c8   Section        0  stm32f2xx_it.o(.text.UsageFault_Handler)
    [Anonymous Symbol]                       0x080012cc   Section        0  main.o(.text.main)
    i._is_digit                              0x080014c0   Section        0  __printf_wp.o(i._is_digit)
    maptable                                 0x080014ce   Data          17  __printf_flags_wp.o(.constdata)
    .constdata                               0x080014ce   Section       17  __printf_flags_wp.o(.constdata)
    .L.str                                   0x080014ef   Data          22  main.o(.rodata.str1.1)
    [Anonymous Symbol]                       0x080014ef   Section        0  main.o(.rodata.str1.1)
    .L_MergedGlobals                         0x20000000   Data           3  main.o(.data..L_MergedGlobals)
    [Anonymous Symbol]                       0x20000000   Section        0  main.o(.data..L_MergedGlobals)
    .L_MergedGlobals                         0x20000004   Data           8  stm32f2xx_hal.o(.data..L_MergedGlobals)
    [Anonymous Symbol]                       0x20000004   Section        0  stm32f2xx_hal.o(.data..L_MergedGlobals)
    .bss                                     0x20000010   Section       96  libspace.o(.bss)
    Heap_Mem                                 0x20000078   Data         512  startup_stm32f207xx.o(HEAP)
    HEAP                                     0x20000078   Section      512  startup_stm32f207xx.o(HEAP)
    Stack_Mem                                0x20000278   Data        1024  startup_stm32f207xx.o(STACK)
    STACK                                    0x20000278   Section     1024  startup_stm32f207xx.o(STACK)
    __initial_sp                             0x20000678   Data           0  startup_stm32f207xx.o(STACK)

    Global Symbols

    Symbol Name                              Value     Ov Type        Size  Object(Section)

    BuildAttributes$$THM_ISAv4$P$D$K$B$S$PE$A:L22UL41UL21$X:L11$S22US41US21$IEEE1$IW$~IW$USESV6$~STKCKD$USESV7$~SHL$OTIME$ROPI$EBA8$UX$STANDARDLIB$REQ8$PRES8$EABIv2 0x00000000   Number         0  anon$$obj.o ABSOLUTE
    __fp_init_empty                          0x00000000   Number         0  fpinit_empty.o ABSOLUTE
    _printf_flags                            0x00000000   Number         0  printf_stubs.o ABSOLUTE
    _printf_return_value                     0x00000000   Number         0  printf_stubs.o ABSOLUTE
    _printf_sizespec                         0x00000000   Number         0  printf_stubs.o ABSOLUTE
    _printf_widthprec                        0x00000000   Number         0  printf_stubs.o ABSOLUTE
    __ARM_exceptions_init                     - Undefined Weak Reference
    __alloca_initialize                       - Undefined Weak Reference
    __arm_preinit_                            - Undefined Weak Reference
    __arm_relocate_pie_                       - Undefined Weak Reference
    __cpp_initialize__aeabi_                  - Undefined Weak Reference
    __cxa_finalize                            - Undefined Weak Reference
    __rt_locale                               - Undefined Weak Reference
    __sigvec_lookup                           - Undefined Weak Reference
    _atexit_init                              - Undefined Weak Reference
    _call_atexit_fns                          - Undefined Weak Reference
    _clock_init                               - Undefined Weak Reference
    _fp_trap_init                             - Undefined Weak Reference
    _fp_trap_shutdown                         - Undefined Weak Reference
    _get_lc_collate                           - Undefined Weak Reference
    _get_lc_ctype                             - Undefined Weak Reference
    _get_lc_monetary                          - Undefined Weak Reference
    _get_lc_numeric                           - Undefined Weak Reference
    _get_lc_time                              - Undefined Weak Reference
    _getenv_init                              - Undefined Weak Reference
    _handle_redirection                       - Undefined Weak Reference
    _init_alloc                               - Undefined Weak Reference
    _init_user_alloc                          - Undefined Weak Reference
    _initio                                   - Undefined Weak Reference
    _printf_truncate_signed                   - Undefined Weak Reference
    _printf_truncate_unsigned                 - Undefined Weak Reference
    _rand_init                                - Undefined Weak Reference
    _signal_finish                            - Undefined Weak Reference
    _signal_init                              - Undefined Weak Reference
    _terminate_alloc                          - Undefined Weak Reference
    _terminate_user_alloc                     - Undefined Weak Reference
    _terminateio                              - Undefined Weak Reference
    __Vectors_Size                           0x00000184   Number         0  startup_stm32f207xx.o ABSOLUTE
    __Vectors                                0x08000000   Data           4  startup_stm32f207xx.o(RESET)
    __Vectors_End                            0x08000184   Data           0  startup_stm32f207xx.o(RESET)
    __main                                   0x08000185   Thumb Code     8  __main.o(!!!main)
    __scatterload                            0x0800018d   Thumb Code     0  __scatter.o(!!!scatter)
    __scatterload_rt2                        0x0800018d   Thumb Code    44  __scatter.o(!!!scatter)
    __scatterload_rt2_thumb_only             0x0800018d   Thumb Code     0  __scatter.o(!!!scatter)
    __scatterload_null                       0x0800019b   Thumb Code     0  __scatter.o(!!!scatter)
    __scatterload_copy                       0x080001c1   Thumb Code    26  __scatter_copy.o(!!handler_copy)
    __scatterload_zeroinit                   0x080001dd   Thumb Code    28  __scatter_zi.o(!!handler_zi)
    _printf_d                                0x080001f9   Thumb Code     0  _printf_d.o(.ARM.Collect$$_printf_percent$$00000009)
    _printf_percent                          0x080001f9   Thumb Code     0  _printf_percent.o(.ARM.Collect$$_printf_percent$$00000000)
    _printf_percent_end                      0x080001ff   Thumb Code     0  _printf_percent_end.o(.ARM.Collect$$_printf_percent$$00000017)
    __rt_lib_init                            0x08000203   Thumb Code     0  libinit.o(.ARM.Collect$$libinit$$00000000)
    __rt_lib_init_alloca_1                   0x08000205   Thumb Code     0  libinit2.o(.ARM.Collect$$libinit$$00000030)
    __rt_lib_init_argv_1                     0x08000205   Thumb Code     0  libinit2.o(.ARM.Collect$$libinit$$0000002E)
    __rt_lib_init_atexit_1                   0x08000205   Thumb Code     0  libinit2.o(.ARM.Collect$$libinit$$0000001D)
    __rt_lib_init_clock_1                    0x08000205   Thumb Code     0  libinit2.o(.ARM.Collect$$libinit$$00000023)
    __rt_lib_init_cpp_1                      0x08000205   Thumb Code     0  libinit2.o(.ARM.Collect$$libinit$$00000034)
    __rt_lib_init_exceptions_1               0x08000205   Thumb Code     0  libinit2.o(.ARM.Collect$$libinit$$00000032)
    __rt_lib_init_fp_1                       0x08000205   Thumb Code     0  libinit2.o(.ARM.Collect$$libinit$$00000002)
    __rt_lib_init_fp_trap_1                  0x08000205   Thumb Code     0  libinit2.o(.ARM.Collect$$libinit$$00000021)
    __rt_lib_init_getenv_1                   0x08000205   Thumb Code     0  libinit2.o(.ARM.Collect$$libinit$$00000025)
    __rt_lib_init_heap_1                     0x08000205   Thumb Code     0  libinit2.o(.ARM.Collect$$libinit$$0000000C)
    __rt_lib_init_lc_collate_1               0x08000205   Thumb Code     0  libinit2.o(.ARM.Collect$$libinit$$00000013)
    __rt_lib_init_lc_ctype_1                 0x08000205   Thumb Code     0  libinit2.o(.ARM.Collect$$libinit$$00000015)
    __rt_lib_init_lc_monetary_1              0x08000205   Thumb Code     0  libinit2.o(.ARM.Collect$$libinit$$00000017)
    __rt_lib_init_lc_numeric_1               0x08000205   Thumb Code     0  libinit2.o(.ARM.Collect$$libinit$$00000019)
    __rt_lib_init_lc_time_1                  0x08000205   Thumb Code     0  libinit2.o(.ARM.Collect$$libinit$$0000001B)
    __rt_lib_init_preinit_1                  0x08000205   Thumb Code     0  libinit2.o(.ARM.Collect$$libinit$$00000006)
    __rt_lib_init_rand_1                     0x08000205   Thumb Code     0  libinit2.o(.ARM.Collect$$libinit$$00000010)
    __rt_lib_init_relocate_pie_1             0x08000205   Thumb Code     0  libinit2.o(.ARM.Collect$$libinit$$00000004)
    __rt_lib_init_return                     0x08000205   Thumb Code     0  libinit2.o(.ARM.Collect$$libinit$$00000035)
    __rt_lib_init_signal_1                   0x08000205   Thumb Code     0  libinit2.o(.ARM.Collect$$libinit$$0000001F)
    __rt_lib_init_stdio_1                    0x08000205   Thumb Code     0  libinit2.o(.ARM.Collect$$libinit$$00000027)
    __rt_lib_init_user_alloc_1               0x08000205   Thumb Code     0  libinit2.o(.ARM.Collect$$libinit$$0000000E)
    __rt_lib_shutdown                        0x08000207   Thumb Code     0  libshutdown.o(.ARM.Collect$$libshutdown$$00000000)
    __rt_lib_shutdown_cpp_1                  0x08000209   Thumb Code     0  libshutdown2.o(.ARM.Collect$$libshutdown$$00000002)
    __rt_lib_shutdown_fp_trap_1              0x08000209   Thumb Code     0  libshutdown2.o(.ARM.Collect$$libshutdown$$00000007)
    __rt_lib_shutdown_heap_1                 0x08000209   Thumb Code     0  libshutdown2.o(.ARM.Collect$$libshutdown$$0000000F)
    __rt_lib_shutdown_return                 0x08000209   Thumb Code     0  libshutdown2.o(.ARM.Collect$$libshutdown$$00000010)
    __rt_lib_shutdown_signal_1               0x08000209   Thumb Code     0  libshutdown2.o(.ARM.Collect$$libshutdown$$0000000A)
    __rt_lib_shutdown_stdio_1                0x08000209   Thumb Code     0  libshutdown2.o(.ARM.Collect$$libshutdown$$00000004)
    __rt_lib_shutdown_user_alloc_1           0x08000209   Thumb Code     0  libshutdown2.o(.ARM.Collect$$libshutdown$$0000000C)
    __rt_entry                               0x0800020b   Thumb Code     0  __rtentry.o(.ARM.Collect$$rtentry$$00000000)
    __rt_entry_presh_1                       0x0800020b   Thumb Code     0  __rtentry2.o(.ARM.Collect$$rtentry$$00000002)
    __rt_entry_sh                            0x0800020b   Thumb Code     0  __rtentry4.o(.ARM.Collect$$rtentry$$00000004)
    __rt_entry_li                            0x08000211   Thumb Code     0  __rtentry2.o(.ARM.Collect$$rtentry$$0000000A)
    __rt_entry_postsh_1                      0x08000211   Thumb Code     0  __rtentry2.o(.ARM.Collect$$rtentry$$00000009)
    __rt_entry_main                          0x08000215   Thumb Code     0  __rtentry2.o(.ARM.Collect$$rtentry$$0000000D)
    __rt_entry_postli_1                      0x08000215   Thumb Code     0  __rtentry2.o(.ARM.Collect$$rtentry$$0000000C)
    __rt_exit                                0x0800021d   Thumb Code     0  rtexit.o(.ARM.Collect$$rtexit$$00000000)
    __rt_exit_ls                             0x0800021f   Thumb Code     0  rtexit2.o(.ARM.Collect$$rtexit$$00000003)
    __rt_exit_prels_1                        0x0800021f   Thumb Code     0  rtexit2.o(.ARM.Collect$$rtexit$$00000002)
    __rt_exit_exit                           0x08000223   Thumb Code     0  rtexit2.o(.ARM.Collect$$rtexit$$00000004)
    Reset_Handler                            0x08000229   Thumb Code     8  startup_stm32f207xx.o(.text)
    ADC_IRQHandler                           0x08000243   Thumb Code     0  startup_stm32f207xx.o(.text)
    CAN1_RX0_IRQHandler                      0x08000243   Thumb Code     0  startup_stm32f207xx.o(.text)
    CAN1_RX1_IRQHandler                      0x08000243   Thumb Code     0  startup_stm32f207xx.o(.text)
    CAN1_SCE_IRQHandler                      0x08000243   Thumb Code     0  startup_stm32f207xx.o(.text)
    CAN1_TX_IRQHandler                       0x08000243   Thumb Code     0  startup_stm32f207xx.o(.text)
    CAN2_RX0_IRQHandler                      0x08000243   Thumb Code     0  startup_stm32f207xx.o(.text)
    CAN2_RX1_IRQHandler                      0x08000243   Thumb Code     0  startup_stm32f207xx.o(.text)
    CAN2_SCE_IRQHandler                      0x08000243   Thumb Code     0  startup_stm32f207xx.o(.text)
    CAN2_TX_IRQHandler                       0x08000243   Thumb Code     0  startup_stm32f207xx.o(.text)
    DCMI_IRQHandler                          0x08000243   Thumb Code     0  startup_stm32f207xx.o(.text)
    DMA1_Stream0_IRQHandler                  0x08000243   Thumb Code     0  startup_stm32f207xx.o(.text)
    DMA1_Stream1_IRQHandler                  0x08000243   Thumb Code     0  startup_stm32f207xx.o(.text)
    DMA1_Stream2_IRQHandler                  0x08000243   Thumb Code     0  startup_stm32f207xx.o(.text)
    DMA1_Stream3_IRQHandler                  0x08000243   Thumb Code     0  startup_stm32f207xx.o(.text)
    DMA1_Stream4_IRQHandler                  0x08000243   Thumb Code     0  startup_stm32f207xx.o(.text)
    DMA1_Stream5_IRQHandler                  0x08000243   Thumb Code     0  startup_stm32f207xx.o(.text)
    DMA1_Stream6_IRQHandler                  0x08000243   Thumb Code     0  startup_stm32f207xx.o(.text)
    DMA1_Stream7_IRQHandler                  0x08000243   Thumb Code     0  startup_stm32f207xx.o(.text)
    DMA2_Stream0_IRQHandler                  0x08000243   Thumb Code     0  startup_stm32f207xx.o(.text)
    DMA2_Stream1_IRQHandler                  0x08000243   Thumb Code     0  startup_stm32f207xx.o(.text)
    DMA2_Stream2_IRQHandler                  0x08000243   Thumb Code     0  startup_stm32f207xx.o(.text)
    DMA2_Stream3_IRQHandler                  0x08000243   Thumb Code     0  startup_stm32f207xx.o(.text)
    DMA2_Stream4_IRQHandler                  0x08000243   Thumb Code     0  startup_stm32f207xx.o(.text)
    DMA2_Stream5_IRQHandler                  0x08000243   Thumb Code     0  startup_stm32f207xx.o(.text)
    DMA2_Stream6_IRQHandler                  0x08000243   Thumb Code     0  startup_stm32f207xx.o(.text)
    DMA2_Stream7_IRQHandler                  0x08000243   Thumb Code     0  startup_stm32f207xx.o(.text)
    ETH_IRQHandler                           0x08000243   Thumb Code     0  startup_stm32f207xx.o(.text)
    ETH_WKUP_IRQHandler                      0x08000243   Thumb Code     0  startup_stm32f207xx.o(.text)
    EXTI0_IRQHandler                         0x08000243   Thumb Code     0  startup_stm32f207xx.o(.text)
    EXTI15_10_IRQHandler                     0x08000243   Thumb Code     0  startup_stm32f207xx.o(.text)
    EXTI1_IRQHandler                         0x08000243   Thumb Code     0  startup_stm32f207xx.o(.text)
    EXTI2_IRQHandler                         0x08000243   Thumb Code     0  startup_stm32f207xx.o(.text)
    EXTI3_IRQHandler                         0x08000243   Thumb Code     0  startup_stm32f207xx.o(.text)
    EXTI4_IRQHandler                         0x08000243   Thumb Code     0  startup_stm32f207xx.o(.text)
    EXTI9_5_IRQHandler                       0x08000243   Thumb Code     0  startup_stm32f207xx.o(.text)
    FLASH_IRQHandler                         0x08000243   Thumb Code     0  startup_stm32f207xx.o(.text)
    FSMC_IRQHandler                          0x08000243   Thumb Code     0  startup_stm32f207xx.o(.text)
    HASH_RNG_IRQHandler                      0x08000243   Thumb Code     0  startup_stm32f207xx.o(.text)
    I2C1_ER_IRQHandler                       0x08000243   Thumb Code     0  startup_stm32f207xx.o(.text)
    I2C1_EV_IRQHandler                       0x08000243   Thumb Code     0  startup_stm32f207xx.o(.text)
    I2C2_ER_IRQHandler                       0x08000243   Thumb Code     0  startup_stm32f207xx.o(.text)
    I2C2_EV_IRQHandler                       0x08000243   Thumb Code     0  startup_stm32f207xx.o(.text)
    I2C3_ER_IRQHandler                       0x08000243   Thumb Code     0  startup_stm32f207xx.o(.text)
    I2C3_EV_IRQHandler                       0x08000243   Thumb Code     0  startup_stm32f207xx.o(.text)
    OTG_FS_IRQHandler                        0x08000243   Thumb Code     0  startup_stm32f207xx.o(.text)
    OTG_FS_WKUP_IRQHandler                   0x08000243   Thumb Code     0  startup_stm32f207xx.o(.text)
    OTG_HS_EP1_IN_IRQHandler                 0x08000243   Thumb Code     0  startup_stm32f207xx.o(.text)
    OTG_HS_EP1_OUT_IRQHandler                0x08000243   Thumb Code     0  startup_stm32f207xx.o(.text)
    OTG_HS_IRQHandler                        0x08000243   Thumb Code     0  startup_stm32f207xx.o(.text)
    OTG_HS_WKUP_IRQHandler                   0x08000243   Thumb Code     0  startup_stm32f207xx.o(.text)
    PVD_IRQHandler                           0x08000243   Thumb Code     0  startup_stm32f207xx.o(.text)
    RCC_IRQHandler                           0x08000243   Thumb Code     0  startup_stm32f207xx.o(.text)
    RTC_Alarm_IRQHandler                     0x08000243   Thumb Code     0  startup_stm32f207xx.o(.text)
    RTC_WKUP_IRQHandler                      0x08000243   Thumb Code     0  startup_stm32f207xx.o(.text)
    SDIO_IRQHandler                          0x08000243   Thumb Code     0  startup_stm32f207xx.o(.text)
    SPI1_IRQHandler                          0x08000243   Thumb Code     0  startup_stm32f207xx.o(.text)
    SPI2_IRQHandler                          0x08000243   Thumb Code     0  startup_stm32f207xx.o(.text)
    SPI3_IRQHandler                          0x08000243   Thumb Code     0  startup_stm32f207xx.o(.text)
    TAMP_STAMP_IRQHandler                    0x08000243   Thumb Code     0  startup_stm32f207xx.o(.text)
    TIM1_BRK_TIM9_IRQHandler                 0x08000243   Thumb Code     0  startup_stm32f207xx.o(.text)
    TIM1_CC_IRQHandler                       0x08000243   Thumb Code     0  startup_stm32f207xx.o(.text)
    TIM1_TRG_COM_TIM11_IRQHandler            0x08000243   Thumb Code     0  startup_stm32f207xx.o(.text)
    TIM1_UP_TIM10_IRQHandler                 0x08000243   Thumb Code     0  startup_stm32f207xx.o(.text)
    TIM2_IRQHandler                          0x08000243   Thumb Code     0  startup_stm32f207xx.o(.text)
    TIM3_IRQHandler                          0x08000243   Thumb Code     0  startup_stm32f207xx.o(.text)
    TIM4_IRQHandler                          0x08000243   Thumb Code     0  startup_stm32f207xx.o(.text)
    TIM5_IRQHandler                          0x08000243   Thumb Code     0  startup_stm32f207xx.o(.text)
    TIM6_DAC_IRQHandler                      0x08000243   Thumb Code     0  startup_stm32f207xx.o(.text)
    TIM7_IRQHandler                          0x08000243   Thumb Code     0  startup_stm32f207xx.o(.text)
    TIM8_BRK_TIM12_IRQHandler                0x08000243   Thumb Code     0  startup_stm32f207xx.o(.text)
    TIM8_CC_IRQHandler                       0x08000243   Thumb Code     0  startup_stm32f207xx.o(.text)
    TIM8_TRG_COM_TIM14_IRQHandler            0x08000243   Thumb Code     0  startup_stm32f207xx.o(.text)
    TIM8_UP_TIM13_IRQHandler                 0x08000243   Thumb Code     0  startup_stm32f207xx.o(.text)
    UART4_IRQHandler                         0x08000243   Thumb Code     0  startup_stm32f207xx.o(.text)
    UART5_IRQHandler                         0x08000243   Thumb Code     0  startup_stm32f207xx.o(.text)
    USART1_IRQHandler                        0x08000243   Thumb Code     0  startup_stm32f207xx.o(.text)
    USART2_IRQHandler                        0x08000243   Thumb Code     0  startup_stm32f207xx.o(.text)
    USART3_IRQHandler                        0x08000243   Thumb Code     0  startup_stm32f207xx.o(.text)
    USART6_IRQHandler                        0x08000243   Thumb Code     0  startup_stm32f207xx.o(.text)
    WWDG_IRQHandler                          0x08000243   Thumb Code     0  startup_stm32f207xx.o(.text)
    __user_initial_stackheap                 0x08000245   Thumb Code     0  startup_stm32f207xx.o(.text)
    __aeabi_uldivmod                         0x08000269   Thumb Code     0  lludivv7m.o(.text)
    _ll_udiv                                 0x08000269   Thumb Code   240  lludivv7m.o(.text)
    __2sprintf                               0x08000359   Thumb Code    34  noretval__2sprintf.o(.text)
    _printf_pre_padding                      0x08000381   Thumb Code    44  _printf_pad.o(.text)
    _printf_post_padding                     0x080003ad   Thumb Code    34  _printf_pad.o(.text)
    _printf_int_dec                          0x080003d1   Thumb Code   104  _printf_dec.o(.text)
    __printf                                 0x08000449   Thumb Code   308  __printf_flags_wp.o(.text)
    __aeabi_memclr4                          0x08000581   Thumb Code     0  rt_memclr_w.o(.text)
    __aeabi_memclr8                          0x08000581   Thumb Code     0  rt_memclr_w.o(.text)
    __rt_memclr_w                            0x08000581   Thumb Code     0  rt_memclr_w.o(.text)
    _memset_w                                0x08000585   Thumb Code    74  rt_memclr_w.o(.text)
    __use_two_region_memory                  0x080005cf   Thumb Code     2  heapauxi.o(.text)
    __rt_heap_escrow$2region                 0x080005d1   Thumb Code     2  heapauxi.o(.text)
    __rt_heap_expand$2region                 0x080005d3   Thumb Code     2  heapauxi.o(.text)
    _printf_int_common                       0x080005d5   Thumb Code   178  _printf_intcommon.o(.text)
    _printf_char_common                      0x08000693   Thumb Code    32  _printf_char_common.o(.text)
    _sputc                                   0x080006b9   Thumb Code    10  _sputc.o(.text)
    __user_setup_stackheap                   0x080006c3   Thumb Code    74  sys_stackheap_outer.o(.text)
    exit                                     0x0800070d   Thumb Code    18  exit.o(.text)
    __user_libspace                          0x08000721   Thumb Code     8  libspace.o(.text)
    __user_perproc_libspace                  0x08000721   Thumb Code     0  libspace.o(.text)
    __user_perthread_libspace                0x08000721   Thumb Code     0  libspace.o(.text)
    _sys_exit                                0x08000729   Thumb Code     8  sys_exit.o(.text)
    __I$use$semihosting                      0x08000735   Thumb Code     0  use_no_semi.o(.text)
    __use_no_semihosting_swi                 0x08000735   Thumb Code     2  use_no_semi.o(.text)
    __semihosting_library_function           0x08000737   Thumb Code     0  indicate_semi.o(.text)
    BusFault_Handler                         0x08000739   Thumb Code     2  stm32f2xx_it.o(.text.BusFault_Handler)
    DebugMon_Handler                         0x0800073d   Thumb Code     2  stm32f2xx_it.o(.text.DebugMon_Handler)
    HAL_Delay                                0x08000741   Thumb Code    40  stm32f2xx_hal.o(.text.HAL_Delay)
    HAL_GPIO_Init                            0x08000769   Thumb Code   422  stm32f2xx_hal_gpio.o(.text.HAL_GPIO_Init)
    HAL_GPIO_WritePin                        0x08000911   Thumb Code    10  stm32f2xx_hal_gpio.o(.text.HAL_GPIO_WritePin)
    HAL_GetTick                              0x0800091d   Thumb Code    12  stm32f2xx_hal.o(.text.HAL_GetTick)
    HAL_IncTick                              0x08000929   Thumb Code    26  stm32f2xx_hal.o(.text.HAL_IncTick)
    HAL_Init                                 0x08000945   Thumb Code    54  stm32f2xx_hal.o(.text.HAL_Init)
    HAL_InitTick                             0x0800097d   Thumb Code    72  stm32f2xx_hal.o(.text.HAL_InitTick)
    HAL_MspInit                              0x080009c5   Thumb Code    56  stm32f2xx_hal_msp.o(.text.HAL_MspInit)
    HAL_NVIC_SetPriority                     0x080009fd   Thumb Code    86  stm32f2xx_hal_cortex.o(.text.HAL_NVIC_SetPriority)
    HAL_NVIC_SetPriorityGrouping             0x08000a55   Thumb Code    32  stm32f2xx_hal_cortex.o(.text.HAL_NVIC_SetPriorityGrouping)
    HAL_RCC_ClockConfig                      0x08000a75   Thumb Code   474  stm32f2xx_hal_rcc.o(.text.HAL_RCC_ClockConfig)
    HAL_RCC_OscConfig                        0x08000c51   Thumb Code   804  stm32f2xx_hal_rcc.o(.text.HAL_RCC_OscConfig)
    HAL_SYSTICK_Config                       0x08000f75   Thumb Code    44  stm32f2xx_hal_cortex.o(.text.HAL_SYSTICK_Config)
    HardFault_Handler                        0x08000fa1   Thumb Code     2  stm32f2xx_it.o(.text.HardFault_Handler)
    LCD_Command                              0x08000fa5   Thumb Code   184  mylcd.o(.text.LCD_Command)
    LCD_GotoXY                               0x0800105d   Thumb Code    20  mylcd.o(.text.LCD_GotoXY)
    LCD_Init                                 0x08001071   Thumb Code   362  mylcd.o(.text.LCD_Init)
    LCD_PutChar                              0x080011dd   Thumb Code   184  mylcd.o(.text.LCD_PutChar)
    LCD_PutString                            0x08001295   Thumb Code    28  mylcd.o(.text.LCD_PutString)
    MemManage_Handler                        0x080012b1   Thumb Code     2  stm32f2xx_it.o(.text.MemManage_Handler)
    NMI_Handler                              0x080012b5   Thumb Code     2  stm32f2xx_it.o(.text.NMI_Handler)
    PendSV_Handler                           0x080012b9   Thumb Code     2  stm32f2xx_it.o(.text.PendSV_Handler)
    SVC_Handler                              0x080012bd   Thumb Code     2  stm32f2xx_it.o(.text.SVC_Handler)
    SysTick_Handler                          0x080012c1   Thumb Code     4  stm32f2xx_it.o(.text.SysTick_Handler)
    SystemInit                               0x080012c5   Thumb Code     2  system_stm32f2xx.o(.text.SystemInit)
    UsageFault_Handler                       0x080012c9   Thumb Code     2  stm32f2xx_it.o(.text.UsageFault_Handler)
    main                                     0x080012cd   Thumb Code   500  main.o(.text.main)
    _is_digit                                0x080014c1   Thumb Code    14  __printf_wp.o(i._is_digit)
    AHBPrescTable                            0x080014df   Data          16  system_stm32f2xx.o(.rodata.AHBPrescTable)
    Region$$Table$$Base                      0x08001508   Number         0  anon$$obj.o(Region$$Table)
    Region$$Table$$Limit                     0x08001528   Number         0  anon$$obj.o(Region$$Table)
    hours                                    0x20000000   Data           1  main.o(.data..L_MergedGlobals)
    minutes                                  0x20000001   Data           1  main.o(.data..L_MergedGlobals)
    seconds                                  0x20000002   Data           1  main.o(.data..L_MergedGlobals)
    uwTickFreq                               0x20000004   Data           1  stm32f2xx_hal.o(.data..L_MergedGlobals)
    uwTickPrio                               0x20000008   Data           4  stm32f2xx_hal.o(.data..L_MergedGlobals)
    SystemCoreClock                          0x2000000c   Data           4  system_stm32f2xx.o(.data.SystemCoreClock)
    __libspace_start                         0x20000010   Data          96  libspace.o(.bss)
    __temporary_stack_top$libspace           0x20000070   Data           0  libspace.o(.bss)
    uwTick                                   0x20000070   Data           4  stm32f2xx_hal.o(.bss.uwTick)



==============================================================================

Memory Map of the image

  Image Entry point : 0x08000185

  Load Region LR_IROM1 (Base: 0x08000000, Size: 0x00001538, Max: 0x00040000, ABSOLUTE)

    Execution Region ER_IROM1 (Exec base: 0x08000000, Load base: 0x08000000, Size: 0x00001528, Max: 0x00040000, ABSOLUTE)

    Exec Addr    Load Addr    Size         Type   Attr      Idx    E Section Name        Object

    0x08000000   0x08000000   0x00000184   Data   RO            3    RESET               startup_stm32f207xx.o
    0x08000184   0x08000184   0x00000008   Code   RO          535  * !!!main             c_w.l(__main.o)
    0x0800018c   0x0800018c   0x00000034   Code   RO          719    !!!scatter          c_w.l(__scatter.o)
    0x080001c0   0x080001c0   0x0000001a   Code   RO          721    !!handler_copy      c_w.l(__scatter_copy.o)
    0x080001da   0x080001da   0x00000002   PAD
    0x080001dc   0x080001dc   0x0000001c   Code   RO          723    !!handler_zi        c_w.l(__scatter_zi.o)
    0x080001f8   0x080001f8   0x00000000   Code   RO          530    .ARM.Collect$$_printf_percent$$00000000  c_w.l(_printf_percent.o)
    0x080001f8   0x080001f8   0x00000006   Code   RO          529    .ARM.Collect$$_printf_percent$$00000009  c_w.l(_printf_d.o)
    0x080001fe   0x080001fe   0x00000004   Code   RO          548    .ARM.Collect$$_printf_percent$$00000017  c_w.l(_printf_percent_end.o)
    0x08000202   0x08000202   0x00000002   Code   RO          581    .ARM.Collect$$libinit$$00000000  c_w.l(libinit.o)
    0x08000204   0x08000204   0x00000000   Code   RO          594    .ARM.Collect$$libinit$$00000002  c_w.l(libinit2.o)
    0x08000204   0x08000204   0x00000000   Code   RO          596    .ARM.Collect$$libinit$$00000004  c_w.l(libinit2.o)
    0x08000204   0x08000204   0x00000000   Code   RO          598    .ARM.Collect$$libinit$$00000006  c_w.l(libinit2.o)
    0x08000204   0x08000204   0x00000000   Code   RO          601    .ARM.Collect$$libinit$$0000000C  c_w.l(libinit2.o)
    0x08000204   0x08000204   0x00000000   Code   RO          603    .ARM.Collect$$libinit$$0000000E  c_w.l(libinit2.o)
    0x08000204   0x08000204   0x00000000   Code   RO          605    .ARM.Collect$$libinit$$00000010  c_w.l(libinit2.o)
    0x08000204   0x08000204   0x00000000   Code   RO          608    .ARM.Collect$$libinit$$00000013  c_w.l(libinit2.o)
    0x08000204   0x08000204   0x00000000   Code   RO          610    .ARM.Collect$$libinit$$00000015  c_w.l(libinit2.o)
    0x08000204   0x08000204   0x00000000   Code   RO          612    .ARM.Collect$$libinit$$00000017  c_w.l(libinit2.o)
    0x08000204   0x08000204   0x00000000   Code   RO          614    .ARM.Collect$$libinit$$00000019  c_w.l(libinit2.o)
    0x08000204   0x08000204   0x00000000   Code   RO          616    .ARM.Collect$$libinit$$0000001B  c_w.l(libinit2.o)
    0x08000204   0x08000204   0x00000000   Code   RO          618    .ARM.Collect$$libinit$$0000001D  c_w.l(libinit2.o)
    0x08000204   0x08000204   0x00000000   Code   RO          620    .ARM.Collect$$libinit$$0000001F  c_w.l(libinit2.o)
    0x08000204   0x08000204   0x00000000   Code   RO          622    .ARM.Collect$$libinit$$00000021  c_w.l(libinit2.o)
    0x08000204   0x08000204   0x00000000   Code   RO          624    .ARM.Collect$$libinit$$00000023  c_w.l(libinit2.o)
    0x08000204   0x08000204   0x00000000   Code   RO          626    .ARM.Collect$$libinit$$00000025  c_w.l(libinit2.o)
    0x08000204   0x08000204   0x00000000   Code   RO          628    .ARM.Collect$$libinit$$00000027  c_w.l(libinit2.o)
    0x08000204   0x08000204   0x00000000   Code   RO          632    .ARM.Collect$$libinit$$0000002E  c_w.l(libinit2.o)
    0x08000204   0x08000204   0x00000000   Code   RO          634    .ARM.Collect$$libinit$$00000030  c_w.l(libinit2.o)
    0x08000204   0x08000204   0x00000000   Code   RO          636    .ARM.Collect$$libinit$$00000032  c_w.l(libinit2.o)
    0x08000204   0x08000204   0x00000000   Code   RO          638    .ARM.Collect$$libinit$$00000034  c_w.l(libinit2.o)
    0x08000204   0x08000204   0x00000002   Code   RO          639    .ARM.Collect$$libinit$$00000035  c_w.l(libinit2.o)
    0x08000206   0x08000206   0x00000002   Code   RO          674    .ARM.Collect$$libshutdown$$00000000  c_w.l(libshutdown.o)
    0x08000208   0x08000208   0x00000000   Code   RO          702    .ARM.Collect$$libshutdown$$00000002  c_w.l(libshutdown2.o)
    0x08000208   0x08000208   0x00000000   Code   RO          704    .ARM.Collect$$libshutdown$$00000004  c_w.l(libshutdown2.o)
    0x08000208   0x08000208   0x00000000   Code   RO          707    .ARM.Collect$$libshutdown$$00000007  c_w.l(libshutdown2.o)
    0x08000208   0x08000208   0x00000000   Code   RO          710    .ARM.Collect$$libshutdown$$0000000A  c_w.l(libshutdown2.o)
    0x08000208   0x08000208   0x00000000   Code   RO          712    .ARM.Collect$$libshutdown$$0000000C  c_w.l(libshutdown2.o)
    0x08000208   0x08000208   0x00000000   Code   RO          715    .ARM.Collect$$libshutdown$$0000000F  c_w.l(libshutdown2.o)
    0x08000208   0x08000208   0x00000002   Code   RO          716    .ARM.Collect$$libshutdown$$00000010  c_w.l(libshutdown2.o)
    0x0800020a   0x0800020a   0x00000000   Code   RO          537    .ARM.Collect$$rtentry$$00000000  c_w.l(__rtentry.o)
    0x0800020a   0x0800020a   0x00000000   Code   RO          550    .ARM.Collect$$rtentry$$00000002  c_w.l(__rtentry2.o)
    0x0800020a   0x0800020a   0x00000006   Code   RO          562    .ARM.Collect$$rtentry$$00000004  c_w.l(__rtentry4.o)
    0x08000210   0x08000210   0x00000000   Code   RO          552    .ARM.Collect$$rtentry$$00000009  c_w.l(__rtentry2.o)
    0x08000210   0x08000210   0x00000004   Code   RO          553    .ARM.Collect$$rtentry$$0000000A  c_w.l(__rtentry2.o)
    0x08000214   0x08000214   0x00000000   Code   RO          555    .ARM.Collect$$rtentry$$0000000C  c_w.l(__rtentry2.o)
    0x08000214   0x08000214   0x00000008   Code   RO          556    .ARM.Collect$$rtentry$$0000000D  c_w.l(__rtentry2.o)
    0x0800021c   0x0800021c   0x00000002   Code   RO          585    .ARM.Collect$$rtexit$$00000000  c_w.l(rtexit.o)
    0x0800021e   0x0800021e   0x00000000   Code   RO          645    .ARM.Collect$$rtexit$$00000002  c_w.l(rtexit2.o)
    0x0800021e   0x0800021e   0x00000004   Code   RO          646    .ARM.Collect$$rtexit$$00000003  c_w.l(rtexit2.o)
    0x08000222   0x08000222   0x00000006   Code   RO          647    .ARM.Collect$$rtexit$$00000004  c_w.l(rtexit2.o)
    0x08000228   0x08000228   0x00000040   Code   RO            4    .text               startup_stm32f207xx.o
    0x08000268   0x08000268   0x000000f0   Code   RO          497    .text               c_w.l(lludivv7m.o)
    0x08000358   0x08000358   0x00000028   Code   RO          501    .text               c_w.l(noretval__2sprintf.o)
    0x08000380   0x08000380   0x0000004e   Code   RO          505    .text               c_w.l(_printf_pad.o)
    0x080003ce   0x080003ce   0x00000002   PAD
    0x080003d0   0x080003d0   0x00000078   Code   RO          507    .text               c_w.l(_printf_dec.o)
    0x08000448   0x08000448   0x00000138   Code   RO          521    .text               c_w.l(__printf_flags_wp.o)
    0x08000580   0x08000580   0x0000004e   Code   RO          531    .text               c_w.l(rt_memclr_w.o)
    0x080005ce   0x080005ce   0x00000006   Code   RO          533    .text               c_w.l(heapauxi.o)
    0x080005d4   0x080005d4   0x000000b2   Code   RO          542    .text               c_w.l(_printf_intcommon.o)
    0x08000686   0x08000686   0x00000002   PAD
    0x08000688   0x08000688   0x00000030   Code   RO          544    .text               c_w.l(_printf_char_common.o)
    0x080006b8   0x080006b8   0x0000000a   Code   RO          546    .text               c_w.l(_sputc.o)
    0x080006c2   0x080006c2   0x0000004a   Code   RO          568    .text               c_w.l(sys_stackheap_outer.o)
    0x0800070c   0x0800070c   0x00000012   Code   RO          570    .text               c_w.l(exit.o)
    0x0800071e   0x0800071e   0x00000002   PAD
    0x08000720   0x08000720   0x00000008   Code   RO          582    .text               c_w.l(libspace.o)
    0x08000728   0x08000728   0x0000000c   Code   RO          640    .text               c_w.l(sys_exit.o)
    0x08000734   0x08000734   0x00000002   Code   RO          663    .text               c_w.l(use_no_semi.o)
    0x08000736   0x08000736   0x00000000   Code   RO          665    .text               c_w.l(indicate_semi.o)
    0x08000736   0x08000736   0x00000002   PAD
    0x08000738   0x08000738   0x00000002   Code   RO           58    .text.BusFault_Handler  stm32f2xx_it.o
    0x0800073a   0x0800073a   0x00000002   PAD
    0x0800073c   0x0800073c   0x00000002   Code   RO           64    .text.DebugMon_Handler  stm32f2xx_it.o
    0x0800073e   0x0800073e   0x00000002   PAD
    0x08000740   0x08000740   0x00000028   Code   RO          127    .text.HAL_Delay     stm32f2xx_hal.o
    0x08000768   0x08000768   0x000001a6   Code   RO          384    .text.HAL_GPIO_Init  stm32f2xx_hal_gpio.o
    0x0800090e   0x0800090e   0x00000002   PAD
    0x08000910   0x08000910   0x0000000a   Code   RO          390    .text.HAL_GPIO_WritePin  stm32f2xx_hal_gpio.o
    0x0800091a   0x0800091a   0x00000002   PAD
    0x0800091c   0x0800091c   0x0000000c   Code   RO          119    .text.HAL_GetTick   stm32f2xx_hal.o
    0x08000928   0x08000928   0x0000001a   Code   RO          117    .text.HAL_IncTick   stm32f2xx_hal.o
    0x08000942   0x08000942   0x00000002   PAD
    0x08000944   0x08000944   0x00000036   Code   RO          107    .text.HAL_Init      stm32f2xx_hal.o
    0x0800097a   0x0800097a   0x00000002   PAD
    0x0800097c   0x0800097c   0x00000048   Code   RO          109    .text.HAL_InitTick  stm32f2xx_hal.o
    0x080009c4   0x080009c4   0x00000038   Code   RO           77    .text.HAL_MspInit   stm32f2xx_hal_msp.o
    0x080009fc   0x080009fc   0x00000056   Code   RO          225    .text.HAL_NVIC_SetPriority  stm32f2xx_hal_cortex.o
    0x08000a52   0x08000a52   0x00000002   PAD
    0x08000a54   0x08000a54   0x00000020   Code   RO          223    .text.HAL_NVIC_SetPriorityGrouping  stm32f2xx_hal_cortex.o
    0x08000a74   0x08000a74   0x000001da   Code   RO          175    .text.HAL_RCC_ClockConfig  stm32f2xx_hal_rcc.o
    0x08000c4e   0x08000c4e   0x00000002   PAD
    0x08000c50   0x08000c50   0x00000324   Code   RO          173    .text.HAL_RCC_OscConfig  stm32f2xx_hal_rcc.o
    0x08000f74   0x08000f74   0x0000002c   Code   RO          235    .text.HAL_SYSTICK_Config  stm32f2xx_hal_cortex.o
    0x08000fa0   0x08000fa0   0x00000002   Code   RO           54    .text.HardFault_Handler  stm32f2xx_it.o
    0x08000fa2   0x08000fa2   0x00000002   PAD
    0x08000fa4   0x08000fa4   0x000000b8   Code   RO           89    .text.LCD_Command   mylcd.o
    0x0800105c   0x0800105c   0x00000014   Code   RO           95    .text.LCD_GotoXY    mylcd.o
    0x08001070   0x08001070   0x0000016a   Code   RO           97    .text.LCD_Init      mylcd.o
    0x080011da   0x080011da   0x00000002   PAD
    0x080011dc   0x080011dc   0x000000b8   Code   RO           91    .text.LCD_PutChar   mylcd.o
    0x08001294   0x08001294   0x0000001c   Code   RO           93    .text.LCD_PutString  mylcd.o
    0x080012b0   0x080012b0   0x00000002   Code   RO           56    .text.MemManage_Handler  stm32f2xx_it.o
    0x080012b2   0x080012b2   0x00000002   PAD
    0x080012b4   0x080012b4   0x00000002   Code   RO           52    .text.NMI_Handler   stm32f2xx_it.o
    0x080012b6   0x080012b6   0x00000002   PAD
    0x080012b8   0x080012b8   0x00000002   Code   RO           66    .text.PendSV_Handler  stm32f2xx_it.o
    0x080012ba   0x080012ba   0x00000002   PAD
    0x080012bc   0x080012bc   0x00000002   Code   RO           62    .text.SVC_Handler   stm32f2xx_it.o
    0x080012be   0x080012be   0x00000002   PAD
    0x080012c0   0x080012c0   0x00000004   Code   RO           68    .text.SysTick_Handler  stm32f2xx_it.o
    0x080012c4   0x080012c4   0x00000002   Code   RO          481    .text.SystemInit    system_stm32f2xx.o
    0x080012c6   0x080012c6   0x00000002   PAD
    0x080012c8   0x080012c8   0x00000002   Code   RO           60    .text.UsageFault_Handler  stm32f2xx_it.o
    0x080012ca   0x080012ca   0x00000002   PAD
    0x080012cc   0x080012cc   0x000001f4   Code   RO           35    .text.main          main.o
    0x080014c0   0x080014c0   0x0000000e   Code   RO          519    i._is_digit         c_w.l(__printf_wp.o)
    0x080014ce   0x080014ce   0x00000011   Data   RO          522    .constdata          c_w.l(__printf_flags_wp.o)
    0x080014df   0x080014df   0x00000010   Data   RO          486    .rodata.AHBPrescTable  system_stm32f2xx.o
    0x080014ef   0x080014ef   0x00000016   Data   RO           42    .rodata.str1.1      main.o
    0x08001505   0x08001505   0x00000003   PAD
    0x08001508   0x08001508   0x00000020   Data   RO          718    Region$$Table       anon$$obj.o


    Execution Region RW_IRAM1 (Exec base: 0x20000000, Load base: 0x08001528, Size: 0x00000678, Max: 0x0001c000, ABSOLUTE)

    Exec Addr    Load Addr    Size         Type   Attr      Idx    E Section Name        Object

    0x20000000   0x08001528   0x00000003   Data   RW           44    .data..L_MergedGlobals  main.o
    0x20000003   0x0800152b   0x00000001   PAD
    0x20000004   0x0800152c   0x00000008   Data   RW          162    .data..L_MergedGlobals  stm32f2xx_hal.o
    0x2000000c   0x08001534   0x00000004   Data   RW          485    .data.SystemCoreClock  system_stm32f2xx.o
    0x20000010        -       0x00000060   Zero   RW          583    .bss                c_w.l(libspace.o)
    0x20000070        -       0x00000004   Zero   RW          161    .bss.uwTick         stm32f2xx_hal.o
    0x20000074   0x08001538   0x00000004   PAD
    0x20000078        -       0x00000200   Zero   RW            2    HEAP                startup_stm32f207xx.o
    0x20000278        -       0x00000400   Zero   RW            1    STACK               startup_stm32f207xx.o


    Execution Region RW_IRAM2 (Exec base: 0x2001c000, Load base: 0x08001538, Size: 0x00000000, Max: 0x00004000, ABSOLUTE)

    **** No section assigned to this execution region ****


==============================================================================

Image component sizes


      Code (inc. data)   RO Data    RW Data    ZI Data      Debug   Object Name

       500          0         22          3          0       4330   main.o
       778          0          0          0          0       3048   mylcd.o
        64         26        388          0       1536        892   startup_stm32f207xx.o
       204          0          0          8          4       7402   stm32f2xx_hal.o
       162          0          0          0          0      10828   stm32f2xx_hal_cortex.o
       432          0          0          0          0       4962   stm32f2xx_hal_gpio.o
        56          0          0          0          0       1557   stm32f2xx_hal_msp.o
      1278          0          0          0          0       8123   stm32f2xx_hal_rcc.o
        20          0          0          0          0       1244   stm32f2xx_it.o
         2          0         16          4          0       2233   system_stm32f2xx.o

    ----------------------------------------------------------------------
      3528         26        461         16       1544      44619   Object Totals
         0          0         32          0          0          0   (incl. Generated)
        32          0          3          1          4          0   (incl. Padding)

    ----------------------------------------------------------------------

      Code (inc. data)   RO Data    RW Data    ZI Data      Debug   Library Member Name

         8          0          0          0          0         68   __main.o
       312          4         17          0          0         92   __printf_flags_wp.o
        14          0          0          0          0         68   __printf_wp.o
         0          0          0          0          0          0   __rtentry.o
        12          0          0          0          0          0   __rtentry2.o
         6          0          0          0          0          0   __rtentry4.o
        52          8          0          0          0          0   __scatter.o
        26          0          0          0          0          0   __scatter_copy.o
        28          0          0          0          0          0   __scatter_zi.o
        48          6          0          0          0         96   _printf_char_common.o
         6          0          0          0          0          0   _printf_d.o
       120         16          0          0          0         92   _printf_dec.o
       178          0          0          0          0         88   _printf_intcommon.o
        78          0          0          0          0        108   _printf_pad.o
         0          0          0          0          0          0   _printf_percent.o
         4          0          0          0          0          0   _printf_percent_end.o
        10          0          0          0          0         68   _sputc.o
        18          0          0          0          0         80   exit.o
         6          0          0          0          0        152   heapauxi.o
         0          0          0          0          0          0   indicate_semi.o
         2          0          0          0          0          0   libinit.o
         2          0          0          0          0          0   libinit2.o
         2          0          0          0          0          0   libshutdown.o
         2          0          0          0          0          0   libshutdown2.o
         8          4          0          0         96         68   libspace.o
       240          0          0          0          0        100   lludivv7m.o
        40          6          0          0          0         84   noretval__2sprintf.o
        78          0          0          0          0         80   rt_memclr_w.o
         2          0          0          0          0          0   rtexit.o
        10          0          0          0          0          0   rtexit2.o
        12          4          0          0          0         68   sys_exit.o
        74          0          0          0          0         80   sys_stackheap_outer.o
         2          0          0          0          0         68   use_no_semi.o

    ----------------------------------------------------------------------
      1410         48         17          0         96       1460   Library Totals
        10          0          0          0          0          0   (incl. Padding)

    ----------------------------------------------------------------------

      Code (inc. data)   RO Data    RW Data    ZI Data      Debug   Library Name

      1400         48         17          0         96       1460   c_w.l

    ----------------------------------------------------------------------
      1410         48         17          0         96       1460   Library Totals

    ----------------------------------------------------------------------

==============================================================================


      Code (inc. data)   RO Data    RW Data    ZI Data      Debug   

      4938         74        478         16       1640      45291   Grand Totals
      4938         74        478         16       1640      45291   ELF Image Totals
      4938         74        478         16          0          0   ROM Totals

==============================================================================

    Total RO  Size (Code + RO Data)                 5416 (   5.29kB)
    Total RW  Size (RW Data + ZI Data)              1656 (   1.62kB)
    Total ROM Size (Code + RO Data + RW Data)       5432 (   5.30kB)

==============================================================================

